<html>
<body>
<pre>
<h1>µVision Build Log</h1>
<h2>Tool Versions:</h2>
IDE-Version: ¦ÌVision V5.21.1.0
Copyright (C) 2016 ARM Ltd and ARM Germany GmbH. All rights reserved.
License Information: 2 2w, w, LIC=LSNNN-YAG7G-EH08P-M9GAT-ZVPYL-9M1C1
 
Tool Versions:
Toolchain:       MDK-ARM Plus  Version: 5.21a
Toolchain Path:  C:\Keil_v5\ARM\ARMCC\Bin
C Compiler:      Armcc.exe V5.06 update 3 (build 300)
Assembler:       Armasm.exe V5.06 update 3 (build 300)
Linker/Locator:  ArmLink.exe V5.06 update 3 (build 300)
Library Manager: ArmAr.exe V5.06 update 3 (build 300)
Hex Converter:   FromElf.exe V5.06 update 3 (build 300)
CPU DLL:         SARMCM3.DLL V5.21a
Dialog DLL:      DCM.DLL V1.13.8.0
Target DLL:      STLink\ST-LINKIII-KEIL_SWO.dll V2.0.18.0
Dialog DLL:      TCM.DLL V1.14.14.0
 
<h2>Project:</h2>
D:\03-project\58-inte_eds\code\hardware\stm32-iap-app\MDK-ARM\IAP.uvprojx
Project File Date:  11/14/2017

<h2>Output:</h2>
*** Using Compiler 'V5.06 update 3 (build 300)', folder: 'C:\Keil_v5\ARM\ARMCC\Bin'
Build target 'STM32-IAP_MD'
compiling main.c...
main.c(154): warning:  #223-D: function "PWR_BackupAccessCmd" declared implicitly
    PWR_BackupAccessCmd(ENABLE);
main.c(310): warning:  #546-D: transfer of control bypasses initialization of:
            variable "led" (declared at line 310)
  fsm_initialiser(obj_list,
  ^
main.c(340): warning:  #223-D: function "PWR_BackupAccessCmd" declared implicitly
  	PWR_BackupAccessCmd(ENABLE);	//ä½?èƒ?å?å¤?å¯?å­?å™?è®?é—?  
main.c(342): warning:  #223-D: function "BKP_DeInit" declared implicitly
  	BKP_DeInit();	//å¤?ä½?å¤?ä»?åŒ?åŸ? 	
main.c(350): warning:  #223-D: function "RTC_WaitForLastTask" declared implicitly
  	RTC_WaitForLastTask();	//ç­?å¾?æœ€è¿?ä¸€æ¬?å¯?RTCå¯?å­?å™?çš?å†?æ“?ä½?å®?æˆ?
main.c(351): warning:  #223-D: function "RTC_WaitForSynchro" declared implicitly
  	RTC_WaitForSynchro();		//ç­?å¾?RTCå¯?å­?å™?å?æ­?  
main.c(353): warning:  #223-D: function "RTC_EnterConfigMode" declared implicitly
  	RTC_EnterConfigMode();/// å…?è®?é…?ç½?	
main.c(354): warning:  #223-D: function "RTC_SetPrescaler" declared implicitly
  	RTC_SetPrescaler(32767); //è®?ç½?RTCé¢?åˆ?é¢?çš?å€?
main.c(356): warning:  #223-D: function "RTC_ExitConfigMode" declared implicitly
  	RTC_ExitConfigMode(); //é€€å‡?é…?ç½?æ¨?å¼?  
main.c(361): warning:  #223-D: function "RTC_SetCounter" declared implicitly
  	RTC_SetCounter(65534);	//è®?ç½?RTCè®?æ•?å™?çš?å€?
main.c: 10 warnings, 0 errors
linking...
Program Size: Code=3072 RO-data=268 RW-data=52 ZI-data=3244  
FromELF: creating hex file...
After Build - User command #1: .\..\Binary\hextobin.bat
D:\03-project\58-inte_eds\code\hardware\stm32-iap-app\MDK-ARM>if exist .\..\MDK-ARM\OUTPUT\STM32-IAP_CL\*.hex (.\..\Binary\hex2bin.exe  .\..\MDK-ARM\OUTPUT\STM32-IAP_CL\*.hex ) 
D:\03-project\58-inte_eds\code\hardware\stm32-iap-app\MDK-ARM>if exist .\..\MDK-ARM\OUTPUT\STM32-IAP_HD\*.hex (.\..\Binary\hex2bin.exe  .\..\MDK-ARM\OUTPUT\STM32-IAP_HD\*.hex ) 
D:\03-project\58-inte_eds\code\hardware\stm32-iap-app\MDK-ARM>if exist .\..\MDK-ARM\OUTPUT\STM32-IAP_HD_VL\*.hex (.\..\Binary\hex2bin.exe  .\..\MDK-ARM\OUTPUT\STM32-IAP_HD_VL\*.hex ) 
D:\03-project\58-inte_eds\code\hardware\stm32-iap-app\MDK-ARM>if exist .\..\MDK-ARM\OUTPUT\STM32-IAP_MD\*.hex (.\..\Binary\hex2bin.exe  .\..\MDK-ARM\OUTPUT\STM32-IAP_MD\*.hex ) 
hex2bin v1.0.1, Copyright (C) 1999 Jacques Pelletier
Lowest address = 00000000
Highest address = 00000D3F
D:\03-project\58-inte_eds\code\hardware\stm32-iap-app\MDK-ARM>if exist .\..\MDK-ARM\OUTPUT\STM32-IAP_MD_VL\*.hex (.\..\Binary\hex2bin.exe  .\..\MDK-ARM\OUTPUT\STM32-IAP_MD_VL\*.hex ) 
D:\03-project\58-inte_eds\code\hardware\stm32-iap-app\MDK-ARM>if exist .\..\MDK-ARM\OUTPUT\STM32-IAP_XL\*.hex (.\..\Binary\hex2bin.exe  .\..\MDK-ARM\OUTPUT\STM32-IAP_XL\*.hex ) 
D:\03-project\58-inte_eds\code\hardware\stm32-iap-app\MDK-ARM>exit
".\OUTPUT\STM32-IAP_MD\STM32-IAP_MD.axf" - 0 Error(s), 10 Warning(s).

<h2>Software Packages used:</h2>

Package Vendor: ARM
                http://www.keil.com/pack/ARM.CMSIS.5.0.0-Beta12.pack
                ARM::CMSIS:CORE:5.0.0
                CMSIS (Cortex Microcontroller Software Interface Standard)
   * Component: CORE Version: 5.0.0

<h2>Collection of Component include folders:</h2>
  D:\03-project\58-inte_eds\code\hardware\stm32-iap-app\MDK-ARM\RTE
  C:\Keil_v5\ARM\PACK\ARM\CMSIS\5.0.0-Beta12\CMSIS\Include
  C:\Keil_v5\ARM\PACK\Keil\STM32F1xx_DFP\2.1.0\Device\Include

<h2>Collection of Component Files used:</h2>

   * Component: ARM::CMSIS:CORE:5.0.0
Build Time Elapsed:  00:00:01
</pre>
</body>
</html>
