<!doctype html public "-//w3c//dtd html 4.0 transitional//en">
<html><head>
<title>Static Call Graph - [.\Objects\eds_app.axf]</title></head>
<body><HR>
<H1>Static Call Graph for image .\Objects\eds_app.axf</H1><HR>
<BR><P>#&#060CALLGRAPH&#062# ARM Linker, 5060300: Last Updated: Thu Nov 30 13:51:07 2017
<BR><P>
<H3>Maximum Stack Usage =        304 bytes + Unknown(Cycles, Untraceable Function Pointers)</H3><H3>
Call chain for Maximum Stack Depth:</H3>
mpu6050_dmp_init &rArr; run_self_test &rArr; mpu_run_self_test &rArr; get_st_biases &rArr; __aeabi_ldivmod &rArr; __aeabi_uldivmod
<P>
<H3>
Mutually Recursive functions
</H3> <LI><a href="#[8]">PendSV_Handler</a>&nbsp;&nbsp;&nbsp;&rArr;&nbsp;&nbsp;&nbsp;<a href="#[8]">PendSV_Handler</a><BR>
 <LI><a href="#[1c]">ADC0_1_IRQHandler</a>&nbsp;&nbsp;&nbsp;&rArr;&nbsp;&nbsp;&nbsp;<a href="#[1c]">ADC0_1_IRQHandler</a><BR>
</UL>
<P>
<H3>
Function Pointers
</H3><UL>
 <LI><a href="#[1c]">ADC0_1_IRQHandler</a> from startup_gd32f10x_md.o(.text) referenced from startup_gd32f10x_md.o(RESET)
 <LI><a href="#[4]">BusFault_Handler</a> from gd32f10x_it.o(i.BusFault_Handler) referenced from startup_gd32f10x_md.o(RESET)
 <LI><a href="#[20]">CAN0_EWMC_IRQHandler</a> from startup_gd32f10x_md.o(.text) referenced from startup_gd32f10x_md.o(RESET)
 <LI><a href="#[1f]">CAN0_RX1_IRQHandler</a> from startup_gd32f10x_md.o(.text) referenced from startup_gd32f10x_md.o(RESET)
 <LI><a href="#[15]">DMA0_Channel0_IRQHandler</a> from startup_gd32f10x_md.o(.text) referenced from startup_gd32f10x_md.o(RESET)
 <LI><a href="#[16]">DMA0_Channel1_IRQHandler</a> from startup_gd32f10x_md.o(.text) referenced from startup_gd32f10x_md.o(RESET)
 <LI><a href="#[17]">DMA0_Channel2_IRQHandler</a> from startup_gd32f10x_md.o(.text) referenced from startup_gd32f10x_md.o(RESET)
 <LI><a href="#[18]">DMA0_Channel3_IRQHandler</a> from startup_gd32f10x_md.o(.text) referenced from startup_gd32f10x_md.o(RESET)
 <LI><a href="#[19]">DMA0_Channel4_IRQHandler</a> from startup_gd32f10x_md.o(.text) referenced from startup_gd32f10x_md.o(RESET)
 <LI><a href="#[1a]">DMA0_Channel5_IRQHandler</a> from startup_gd32f10x_md.o(.text) referenced from startup_gd32f10x_md.o(RESET)
 <LI><a href="#[1b]">DMA0_Channel6_IRQHandler</a> from startup_gd32f10x_md.o(.text) referenced from startup_gd32f10x_md.o(RESET)
 <LI><a href="#[7]">DebugMon_Handler</a> from gd32f10x_it.o(i.DebugMon_Handler) referenced from startup_gd32f10x_md.o(RESET)
 <LI><a href="#[35]">EXMC_IRQHandler</a> from startup_gd32f10x_md.o(.text) referenced from startup_gd32f10x_md.o(RESET)
 <LI><a href="#[10]">EXTI0_IRQHandler</a> from servo.o(i.EXTI0_IRQHandler) referenced from startup_gd32f10x_md.o(RESET)
 <LI><a href="#[32]">EXTI10_15_IRQHandler</a> from servo.o(i.EXTI10_15_IRQHandler) referenced from startup_gd32f10x_md.o(RESET)
 <LI><a href="#[11]">EXTI1_IRQHandler</a> from servo.o(i.EXTI1_IRQHandler) referenced from startup_gd32f10x_md.o(RESET)
 <LI><a href="#[12]">EXTI2_IRQHandler</a> from startup_gd32f10x_md.o(.text) referenced from startup_gd32f10x_md.o(RESET)
 <LI><a href="#[13]">EXTI3_IRQHandler</a> from startup_gd32f10x_md.o(.text) referenced from startup_gd32f10x_md.o(RESET)
 <LI><a href="#[14]">EXTI4_IRQHandler</a> from startup_gd32f10x_md.o(.text) referenced from startup_gd32f10x_md.o(RESET)
 <LI><a href="#[21]">EXTI5_9_IRQHandler</a> from startup_gd32f10x_md.o(.text) referenced from startup_gd32f10x_md.o(RESET)
 <LI><a href="#[e]">FMC_IRQHandler</a> from startup_gd32f10x_md.o(.text) referenced from startup_gd32f10x_md.o(RESET)
 <LI><a href="#[2]">HardFault_Handler</a> from gd32f10x_it.o(i.HardFault_Handler) referenced from startup_gd32f10x_md.o(RESET)
 <LI><a href="#[2a]">I2C0_ER_IRQHandler</a> from iic.o(i.I2C0_ER_IRQHandler) referenced from startup_gd32f10x_md.o(RESET)
 <LI><a href="#[29]">I2C0_EV_IRQHandler</a> from iic.o(i.I2C0_EV_IRQHandler) referenced from startup_gd32f10x_md.o(RESET)
 <LI><a href="#[2c]">I2C1_ER_IRQHandler</a> from startup_gd32f10x_md.o(.text) referenced from startup_gd32f10x_md.o(RESET)
 <LI><a href="#[2b]">I2C1_EV_IRQHandler</a> from startup_gd32f10x_md.o(.text) referenced from startup_gd32f10x_md.o(RESET)
 <LI><a href="#[b]">LVD_IRQHandler</a> from startup_gd32f10x_md.o(.text) referenced from startup_gd32f10x_md.o(RESET)
 <LI><a href="#[3]">MemManage_Handler</a> from gd32f10x_it.o(i.MemManage_Handler) referenced from startup_gd32f10x_md.o(RESET)
 <LI><a href="#[1]">NMI_Handler</a> from gd32f10x_it.o(i.NMI_Handler) referenced from startup_gd32f10x_md.o(RESET)
 <LI><a href="#[8]">PendSV_Handler</a> from startup_gd32f10x_md.o(.text) referenced from startup_gd32f10x_md.o(RESET)
 <LI><a href="#[f]">RCU_IRQHandler</a> from startup_gd32f10x_md.o(.text) referenced from startup_gd32f10x_md.o(RESET)
 <LI><a href="#[33]">RTC_Alarm_IRQHandler</a> from rtc.o(i.RTC_Alarm_IRQHandler) referenced from startup_gd32f10x_md.o(RESET)
 <LI><a href="#[d]">RTC_IRQHandler</a> from rtc.o(i.RTC_IRQHandler) referenced from startup_gd32f10x_md.o(RESET)
 <LI><a href="#[0]">Reset_Handler</a> from startup_gd32f10x_md.o(.text) referenced from startup_gd32f10x_md.o(RESET)
 <LI><a href="#[2d]">SPI0_IRQHandler</a> from startup_gd32f10x_md.o(.text) referenced from startup_gd32f10x_md.o(RESET)
 <LI><a href="#[2e]">SPI1_IRQHandler</a> from startup_gd32f10x_md.o(.text) referenced from startup_gd32f10x_md.o(RESET)
 <LI><a href="#[6]">SVC_Handler</a> from gd32f10x_it.o(i.SVC_Handler) referenced from startup_gd32f10x_md.o(RESET)
 <LI><a href="#[9]">SysTick_Handler</a> from sys.o(i.SysTick_Handler) referenced from startup_gd32f10x_md.o(RESET)
 <LI><a href="#[37]">SystemInit</a> from system_gd32f10x.o(i.SystemInit) referenced from startup_gd32f10x_md.o(.text)
 <LI><a href="#[c]">TAMPER_IRQHandler</a> from startup_gd32f10x_md.o(.text) referenced from startup_gd32f10x_md.o(RESET)
 <LI><a href="#[22]">TIMER0_BRK_IRQHandler</a> from startup_gd32f10x_md.o(.text) referenced from startup_gd32f10x_md.o(RESET)
 <LI><a href="#[25]">TIMER0_Channel_IRQHandler</a> from startup_gd32f10x_md.o(.text) referenced from startup_gd32f10x_md.o(RESET)
 <LI><a href="#[24]">TIMER0_TRG_CMT_IRQHandler</a> from startup_gd32f10x_md.o(.text) referenced from startup_gd32f10x_md.o(RESET)
 <LI><a href="#[23]">TIMER0_UP_IRQHandler</a> from startup_gd32f10x_md.o(.text) referenced from startup_gd32f10x_md.o(RESET)
 <LI><a href="#[26]">TIMER1_IRQHandler</a> from signal.o(i.TIMER1_IRQHandler) referenced from startup_gd32f10x_md.o(RESET)
 <LI><a href="#[27]">TIMER2_IRQHandler</a> from signal.o(i.TIMER2_IRQHandler) referenced from startup_gd32f10x_md.o(RESET)
 <LI><a href="#[28]">TIMER3_IRQHandler</a> from startup_gd32f10x_md.o(.text) referenced from startup_gd32f10x_md.o(RESET)
 <LI><a href="#[2f]">USART0_IRQHandler</a> from startup_gd32f10x_md.o(.text) referenced from startup_gd32f10x_md.o(RESET)
 <LI><a href="#[30]">USART1_IRQHandler</a> from startup_gd32f10x_md.o(.text) referenced from startup_gd32f10x_md.o(RESET)
 <LI><a href="#[31]">USART2_IRQHandler</a> from bluetooth.o(i.USART2_IRQHandler) referenced from startup_gd32f10x_md.o(RESET)
 <LI><a href="#[1d]">USBD_HP_CAN0_TX_IRQHandler</a> from startup_gd32f10x_md.o(.text) referenced from startup_gd32f10x_md.o(RESET)
 <LI><a href="#[1e]">USBD_LP_CAN0_RX0_IRQHandler</a> from startup_gd32f10x_md.o(.text) referenced from startup_gd32f10x_md.o(RESET)
 <LI><a href="#[34]">USBD_WKUP_IRQHandler</a> from startup_gd32f10x_md.o(.text) referenced from startup_gd32f10x_md.o(RESET)
 <LI><a href="#[5]">UsageFault_Handler</a> from gd32f10x_it.o(i.UsageFault_Handler) referenced from startup_gd32f10x_md.o(RESET)
 <LI><a href="#[a]">WWDGT_IRQHandler</a> from startup_gd32f10x_md.o(.text) referenced from startup_gd32f10x_md.o(RESET)
 <LI><a href="#[38]">__main</a> from entry.o(.ARM.Collect$$$$00000000) referenced from startup_gd32f10x_md.o(.text)
 <LI><a href="#[3a]">bluetooth_init</a> from bluetooth.o(i.bluetooth_init) referenced from bluetooth.o(i.bluetooth_register)
 <LI><a href="#[3b]">bluetooth_power_off</a> from bluetooth.o(i.bluetooth_power_off) referenced from bluetooth.o(i.bluetooth_register)
 <LI><a href="#[3c]">bluetooth_power_on</a> from bluetooth.o(i.bluetooth_power_on) referenced from bluetooth.o(i.bluetooth_register)
 <LI><a href="#[3e]">button_callback</a> from button.o(i.button_callback) referenced from button.o(i.button_register)
 <LI><a href="#[41]">button_get</a> from button.o(i.button_get) referenced from button.o(i.button_register)
 <LI><a href="#[3d]">button_init</a> from button.o(i.button_init) referenced from button.o(i.button_register)
 <LI><a href="#[3f]">button_power_off</a> from button.o(i.button_power_off) referenced from button.o(i.button_register)
 <LI><a href="#[40]">button_power_on</a> from button.o(i.button_power_on) referenced from button.o(i.button_register)
 <LI><a href="#[42]">flash_init</a> from flash.o(i.flash_init) referenced from flash.o(i.flash_rrgister)
 <LI><a href="#[44]">flash_read</a> from flash.o(i.flash_read) referenced from flash.o(i.flash_rrgister)
 <LI><a href="#[43]">flash_write</a> from flash.o(i.flash_write) referenced from flash.o(i.flash_rrgister)
 <LI><a href="#[39]">fputc</a> from bluetooth.o(i.fputc) referenced from printf1.o(i.__0printf$1)
 <LI><a href="#[45]">iwdg_init</a> from iwdg.o(i.iwdg_init) referenced from iwdg.o(i.iwdg_register)
 <LI><a href="#[46]">iwdg_reload</a> from iwdg.o(i.iwdg_reload) referenced from iwdg.o(i.iwdg_register)
 <LI><a href="#[47]">led_init</a> from led.o(i.led_init) referenced from led.o(i.led_register)
 <LI><a href="#[48]">led_set</a> from led.o(i.led_set) referenced from led.o(i.led_register)
 <LI><a href="#[36]">main</a> from app.o(i.main) referenced from entry9a.o(.ARM.Collect$$$$0000000B)
 <LI><a href="#[4a]">mpu6050_dmp_get_pry</a> from mpu6050_dmp.o(i.mpu6050_dmp_get_pry) referenced from mpu6050_dmp.o(i.mpu6050_dmp_register)
 <LI><a href="#[49]">mpu6050_dmp_init</a> from mpu6050_dmp.o(i.mpu6050_dmp_init) referenced from mpu6050_dmp.o(i.mpu6050_dmp_register)
 <LI><a href="#[4b]">mpu6050_dmp_power_off</a> from mpu6050_dmp.o(i.mpu6050_dmp_power_off) referenced from mpu6050_dmp.o(i.mpu6050_dmp_register)
 <LI><a href="#[4d]">power_get_battery</a> from power.o(i.power_get_battery) referenced from power.o(i.power_register)
 <LI><a href="#[50]">power_get_moto_current</a> from power.o(i.power_get_moto_current) referenced from power.o(i.power_register)
 <LI><a href="#[4c]">power_init</a> from power.o(i.power_init) referenced from power.o(i.power_register)
 <LI><a href="#[4e]">power_power_off</a> from power.o(i.power_power_off) referenced from power.o(i.power_register)
 <LI><a href="#[4f]">power_power_on</a> from power.o(i.power_power_on) referenced from power.o(i.power_register)
 <LI><a href="#[51]">rtc_init</a> from rtc.o(i.rtc_init) referenced from rtc.o(i.rtc_register)
 <LI><a href="#[55]">servo_calibration_cb</a> from servo.o(i.servo_calibration_cb) referenced from servo.o(i.servo_register)
 <LI><a href="#[5a]">servo_get_limit</a> from servo.o(i.servo_get_limit) referenced from servo.o(i.servo_register)
 <LI><a href="#[5c]">servo_get_posstion</a> from servo.o(i.servo_get_posstion) referenced from servo.o(i.servo_register)
 <LI><a href="#[52]">servo_init</a> from servo.o(i.servo_init) referenced from servo.o(i.servo_register)
 <LI><a href="#[56]">servo_left_limit_cb</a> from servo.o(i.servo_left_limit_cb) referenced from servo.o(i.servo_register)
 <LI><a href="#[59]">servo_moto_set_speed</a> from servo.o(i.servo_moto_set_speed) referenced from servo.o(i.servo_register)
 <LI><a href="#[57]">servo_position_cb</a> from servo.o(i.servo_position_cb) referenced from servo.o(i.servo_register)
 <LI><a href="#[53]">servo_power_off</a> from servo.o(i.servo_power_off) referenced from servo.o(i.servo_register)
 <LI><a href="#[54]">servo_power_on</a> from servo.o(i.servo_power_on) referenced from servo.o(i.servo_register)
 <LI><a href="#[58]">servo_right_limit_cb</a> from servo.o(i.servo_right_limit_cb) referenced from servo.o(i.servo_register)
 <LI><a href="#[5d]">servo_set_posstion</a> from servo.o(i.servo_set_posstion) referenced from servo.o(i.servo_register)
 <LI><a href="#[5b]">servo_to_stall</a> from servo.o(i.servo_to_stall) referenced from servo.o(i.servo_register)
 <LI><a href="#[60]">signal_get_cadence</a> from signal.o(i.signal_get_cadence) referenced from signal.o(i.signal_register)
 <LI><a href="#[5f]">signal_get_speed</a> from signal.o(i.signal_get_speed) referenced from signal.o(i.signal_register)
 <LI><a href="#[5e]">signal_init</a> from signal.o(i.signal_init) referenced from signal.o(i.signal_register)
 <LI><a href="#[61]">signal_power_off</a> from signal.o(i.signal_power_off) referenced from signal.o(i.signal_register)
 <LI><a href="#[62]">signal_power_on</a> from signal.o(i.signal_power_on) referenced from signal.o(i.signal_register)
</UL>
<P>
<H3>
Global Symbols
</H3>
<P><STRONG><a name="[38]"></a>__main</STRONG> (Thumb, 0 bytes, Stack size unknown bytes, entry.o(.ARM.Collect$$$$00000000))
<BR>[Address Reference Count : 1]<UL><LI> startup_gd32f10x_md.o(.text)
</UL>
<P><STRONG><a name="[166]"></a>_main_stk</STRONG> (Thumb, 0 bytes, Stack size unknown bytes, entry2.o(.ARM.Collect$$$$00000001))

<P><STRONG><a name="[63]"></a>_main_scatterload</STRONG> (Thumb, 0 bytes, Stack size unknown bytes, entry5.o(.ARM.Collect$$$$00000004))
<BR><BR>[Calls]<UL><LI><a href="#[64]">&gt;&gt;</a>&nbsp;&nbsp;&nbsp;__scatterload
</UL>

<P><STRONG><a name="[7d]"></a>__main_after_scatterload</STRONG> (Thumb, 0 bytes, Stack size unknown bytes, entry5.o(.ARM.Collect$$$$00000004))
<BR><BR>[Called By]<UL><LI><a href="#[64]">&gt;&gt;</a>&nbsp;&nbsp;&nbsp;__scatterload
</UL>

<P><STRONG><a name="[167]"></a>_main_clock</STRONG> (Thumb, 0 bytes, Stack size unknown bytes, entry7b.o(.ARM.Collect$$$$00000008))

<P><STRONG><a name="[168]"></a>_main_cpp_init</STRONG> (Thumb, 0 bytes, Stack size unknown bytes, entry8b.o(.ARM.Collect$$$$0000000A))

<P><STRONG><a name="[169]"></a>_main_init</STRONG> (Thumb, 0 bytes, Stack size unknown bytes, entry9a.o(.ARM.Collect$$$$0000000B))

<P><STRONG><a name="[16a]"></a>__rt_final_cpp</STRONG> (Thumb, 0 bytes, Stack size unknown bytes, entry10a.o(.ARM.Collect$$$$0000000D))

<P><STRONG><a name="[16b]"></a>__rt_final_exit</STRONG> (Thumb, 0 bytes, Stack size unknown bytes, entry11a.o(.ARM.Collect$$$$0000000F))

<P><STRONG><a name="[0]"></a>Reset_Handler</STRONG> (Thumb, 8 bytes, Stack size 0 bytes, startup_gd32f10x_md.o(.text))
<BR>[Address Reference Count : 1]<UL><LI> startup_gd32f10x_md.o(RESET)
</UL>
<P><STRONG><a name="[8]"></a>PendSV_Handler</STRONG> (Thumb, 2 bytes, Stack size 0 bytes, startup_gd32f10x_md.o(.text))
<BR><BR>[Calls]<UL><LI><a href="#[8]">&gt;&gt;</a>&nbsp;&nbsp;&nbsp;PendSV_Handler
</UL>
<BR>[Called By]<UL><LI><a href="#[8]">&gt;&gt;</a>&nbsp;&nbsp;&nbsp;PendSV_Handler
</UL>
<BR>[Address Reference Count : 1]<UL><LI> startup_gd32f10x_md.o(RESET)
</UL>
<P><STRONG><a name="[1c]"></a>ADC0_1_IRQHandler</STRONG> (Thumb, 0 bytes, Stack size 0 bytes, startup_gd32f10x_md.o(.text))
<BR><BR>[Calls]<UL><LI><a href="#[1c]">&gt;&gt;</a>&nbsp;&nbsp;&nbsp;ADC0_1_IRQHandler
</UL>
<BR>[Called By]<UL><LI><a href="#[1c]">&gt;&gt;</a>&nbsp;&nbsp;&nbsp;ADC0_1_IRQHandler
</UL>
<BR>[Address Reference Count : 1]<UL><LI> startup_gd32f10x_md.o(RESET)
</UL>
<P><STRONG><a name="[20]"></a>CAN0_EWMC_IRQHandler</STRONG> (Thumb, 0 bytes, Stack size 0 bytes, startup_gd32f10x_md.o(.text))
<BR>[Address Reference Count : 1]<UL><LI> startup_gd32f10x_md.o(RESET)
</UL>
<P><STRONG><a name="[1f]"></a>CAN0_RX1_IRQHandler</STRONG> (Thumb, 0 bytes, Stack size 0 bytes, startup_gd32f10x_md.o(.text))
<BR>[Address Reference Count : 1]<UL><LI> startup_gd32f10x_md.o(RESET)
</UL>
<P><STRONG><a name="[15]"></a>DMA0_Channel0_IRQHandler</STRONG> (Thumb, 0 bytes, Stack size 0 bytes, startup_gd32f10x_md.o(.text))
<BR>[Address Reference Count : 1]<UL><LI> startup_gd32f10x_md.o(RESET)
</UL>
<P><STRONG><a name="[16]"></a>DMA0_Channel1_IRQHandler</STRONG> (Thumb, 0 bytes, Stack size 0 bytes, startup_gd32f10x_md.o(.text))
<BR>[Address Reference Count : 1]<UL><LI> startup_gd32f10x_md.o(RESET)
</UL>
<P><STRONG><a name="[17]"></a>DMA0_Channel2_IRQHandler</STRONG> (Thumb, 0 bytes, Stack size 0 bytes, startup_gd32f10x_md.o(.text))
<BR>[Address Reference Count : 1]<UL><LI> startup_gd32f10x_md.o(RESET)
</UL>
<P><STRONG><a name="[18]"></a>DMA0_Channel3_IRQHandler</STRONG> (Thumb, 0 bytes, Stack size 0 bytes, startup_gd32f10x_md.o(.text))
<BR>[Address Reference Count : 1]<UL><LI> startup_gd32f10x_md.o(RESET)
</UL>
<P><STRONG><a name="[19]"></a>DMA0_Channel4_IRQHandler</STRONG> (Thumb, 0 bytes, Stack size 0 bytes, startup_gd32f10x_md.o(.text))
<BR>[Address Reference Count : 1]<UL><LI> startup_gd32f10x_md.o(RESET)
</UL>
<P><STRONG><a name="[1a]"></a>DMA0_Channel5_IRQHandler</STRONG> (Thumb, 0 bytes, Stack size 0 bytes, startup_gd32f10x_md.o(.text))
<BR>[Address Reference Count : 1]<UL><LI> startup_gd32f10x_md.o(RESET)
</UL>
<P><STRONG><a name="[1b]"></a>DMA0_Channel6_IRQHandler</STRONG> (Thumb, 0 bytes, Stack size 0 bytes, startup_gd32f10x_md.o(.text))
<BR>[Address Reference Count : 1]<UL><LI> startup_gd32f10x_md.o(RESET)
</UL>
<P><STRONG><a name="[35]"></a>EXMC_IRQHandler</STRONG> (Thumb, 0 bytes, Stack size 0 bytes, startup_gd32f10x_md.o(.text))
<BR>[Address Reference Count : 1]<UL><LI> startup_gd32f10x_md.o(RESET)
</UL>
<P><STRONG><a name="[12]"></a>EXTI2_IRQHandler</STRONG> (Thumb, 0 bytes, Stack size 0 bytes, startup_gd32f10x_md.o(.text))
<BR>[Address Reference Count : 1]<UL><LI> startup_gd32f10x_md.o(RESET)
</UL>
<P><STRONG><a name="[13]"></a>EXTI3_IRQHandler</STRONG> (Thumb, 0 bytes, Stack size 0 bytes, startup_gd32f10x_md.o(.text))
<BR>[Address Reference Count : 1]<UL><LI> startup_gd32f10x_md.o(RESET)
</UL>
<P><STRONG><a name="[14]"></a>EXTI4_IRQHandler</STRONG> (Thumb, 0 bytes, Stack size 0 bytes, startup_gd32f10x_md.o(.text))
<BR>[Address Reference Count : 1]<UL><LI> startup_gd32f10x_md.o(RESET)
</UL>
<P><STRONG><a name="[21]"></a>EXTI5_9_IRQHandler</STRONG> (Thumb, 0 bytes, Stack size 0 bytes, startup_gd32f10x_md.o(.text))
<BR>[Address Reference Count : 1]<UL><LI> startup_gd32f10x_md.o(RESET)
</UL>
<P><STRONG><a name="[e]"></a>FMC_IRQHandler</STRONG> (Thumb, 0 bytes, Stack size 0 bytes, startup_gd32f10x_md.o(.text))
<BR>[Address Reference Count : 1]<UL><LI> startup_gd32f10x_md.o(RESET)
</UL>
<P><STRONG><a name="[2c]"></a>I2C1_ER_IRQHandler</STRONG> (Thumb, 0 bytes, Stack size 0 bytes, startup_gd32f10x_md.o(.text))
<BR>[Address Reference Count : 1]<UL><LI> startup_gd32f10x_md.o(RESET)
</UL>
<P><STRONG><a name="[2b]"></a>I2C1_EV_IRQHandler</STRONG> (Thumb, 0 bytes, Stack size 0 bytes, startup_gd32f10x_md.o(.text))
<BR>[Address Reference Count : 1]<UL><LI> startup_gd32f10x_md.o(RESET)
</UL>
<P><STRONG><a name="[b]"></a>LVD_IRQHandler</STRONG> (Thumb, 0 bytes, Stack size 0 bytes, startup_gd32f10x_md.o(.text))
<BR>[Address Reference Count : 1]<UL><LI> startup_gd32f10x_md.o(RESET)
</UL>
<P><STRONG><a name="[f]"></a>RCU_IRQHandler</STRONG> (Thumb, 0 bytes, Stack size 0 bytes, startup_gd32f10x_md.o(.text))
<BR>[Address Reference Count : 1]<UL><LI> startup_gd32f10x_md.o(RESET)
</UL>
<P><STRONG><a name="[2d]"></a>SPI0_IRQHandler</STRONG> (Thumb, 0 bytes, Stack size 0 bytes, startup_gd32f10x_md.o(.text))
<BR>[Address Reference Count : 1]<UL><LI> startup_gd32f10x_md.o(RESET)
</UL>
<P><STRONG><a name="[2e]"></a>SPI1_IRQHandler</STRONG> (Thumb, 0 bytes, Stack size 0 bytes, startup_gd32f10x_md.o(.text))
<BR>[Address Reference Count : 1]<UL><LI> startup_gd32f10x_md.o(RESET)
</UL>
<P><STRONG><a name="[c]"></a>TAMPER_IRQHandler</STRONG> (Thumb, 0 bytes, Stack size 0 bytes, startup_gd32f10x_md.o(.text))
<BR>[Address Reference Count : 1]<UL><LI> startup_gd32f10x_md.o(RESET)
</UL>
<P><STRONG><a name="[22]"></a>TIMER0_BRK_IRQHandler</STRONG> (Thumb, 0 bytes, Stack size 0 bytes, startup_gd32f10x_md.o(.text))
<BR>[Address Reference Count : 1]<UL><LI> startup_gd32f10x_md.o(RESET)
</UL>
<P><STRONG><a name="[25]"></a>TIMER0_Channel_IRQHandler</STRONG> (Thumb, 0 bytes, Stack size 0 bytes, startup_gd32f10x_md.o(.text))
<BR>[Address Reference Count : 1]<UL><LI> startup_gd32f10x_md.o(RESET)
</UL>
<P><STRONG><a name="[24]"></a>TIMER0_TRG_CMT_IRQHandler</STRONG> (Thumb, 0 bytes, Stack size 0 bytes, startup_gd32f10x_md.o(.text))
<BR>[Address Reference Count : 1]<UL><LI> startup_gd32f10x_md.o(RESET)
</UL>
<P><STRONG><a name="[23]"></a>TIMER0_UP_IRQHandler</STRONG> (Thumb, 0 bytes, Stack size 0 bytes, startup_gd32f10x_md.o(.text))
<BR>[Address Reference Count : 1]<UL><LI> startup_gd32f10x_md.o(RESET)
</UL>
<P><STRONG><a name="[28]"></a>TIMER3_IRQHandler</STRONG> (Thumb, 0 bytes, Stack size 0 bytes, startup_gd32f10x_md.o(.text))
<BR>[Address Reference Count : 1]<UL><LI> startup_gd32f10x_md.o(RESET)
</UL>
<P><STRONG><a name="[2f]"></a>USART0_IRQHandler</STRONG> (Thumb, 0 bytes, Stack size 0 bytes, startup_gd32f10x_md.o(.text))
<BR>[Address Reference Count : 1]<UL><LI> startup_gd32f10x_md.o(RESET)
</UL>
<P><STRONG><a name="[30]"></a>USART1_IRQHandler</STRONG> (Thumb, 0 bytes, Stack size 0 bytes, startup_gd32f10x_md.o(.text))
<BR>[Address Reference Count : 1]<UL><LI> startup_gd32f10x_md.o(RESET)
</UL>
<P><STRONG><a name="[1d]"></a>USBD_HP_CAN0_TX_IRQHandler</STRONG> (Thumb, 0 bytes, Stack size 0 bytes, startup_gd32f10x_md.o(.text))
<BR>[Address Reference Count : 1]<UL><LI> startup_gd32f10x_md.o(RESET)
</UL>
<P><STRONG><a name="[1e]"></a>USBD_LP_CAN0_RX0_IRQHandler</STRONG> (Thumb, 0 bytes, Stack size 0 bytes, startup_gd32f10x_md.o(.text))
<BR>[Address Reference Count : 1]<UL><LI> startup_gd32f10x_md.o(RESET)
</UL>
<P><STRONG><a name="[34]"></a>USBD_WKUP_IRQHandler</STRONG> (Thumb, 0 bytes, Stack size 0 bytes, startup_gd32f10x_md.o(.text))
<BR>[Address Reference Count : 1]<UL><LI> startup_gd32f10x_md.o(RESET)
</UL>
<P><STRONG><a name="[a]"></a>WWDGT_IRQHandler</STRONG> (Thumb, 0 bytes, Stack size 0 bytes, startup_gd32f10x_md.o(.text))
<BR>[Address Reference Count : 1]<UL><LI> startup_gd32f10x_md.o(RESET)
</UL>
<P><STRONG><a name="[65]"></a>__aeabi_ldivmod</STRONG> (Thumb, 98 bytes, Stack size 24 bytes, ldiv.o(.text))
<BR><BR>[Stack]<UL><LI>Max Depth = 64<LI>Call Chain = __aeabi_ldivmod &rArr; __aeabi_uldivmod
</UL>
<BR>[Calls]<UL><LI><a href="#[66]">&gt;&gt;</a>&nbsp;&nbsp;&nbsp;__aeabi_uldivmod
</UL>
<BR>[Called By]<UL><LI><a href="#[10d]">&gt;&gt;</a>&nbsp;&nbsp;&nbsp;get_st_biases
</UL>

<P><STRONG><a name="[16c]"></a>__aeabi_memcpy</STRONG> (Thumb, 36 bytes, Stack size 0 bytes, memcpya.o(.text), UNUSED)

<P><STRONG><a name="[e3]"></a>__aeabi_memcpy4</STRONG> (Thumb, 0 bytes, Stack size 0 bytes, memcpya.o(.text))
<BR><BR>[Called By]<UL><LI><a href="#[e1]">&gt;&gt;</a>&nbsp;&nbsp;&nbsp;dma_config
</UL>

<P><STRONG><a name="[16d]"></a>__aeabi_memcpy8</STRONG> (Thumb, 0 bytes, Stack size 0 bytes, memcpya.o(.text), UNUSED)

<P><STRONG><a name="[68]"></a>__aeabi_memset</STRONG> (Thumb, 14 bytes, Stack size 0 bytes, memseta.o(.text))
<BR><BR>[Called By]<UL><LI><a href="#[f2]">&gt;&gt;</a>&nbsp;&nbsp;&nbsp;dmp_enable_lp_quat
<LI><a href="#[e5]">&gt;&gt;</a>&nbsp;&nbsp;&nbsp;dmp_enable_6x_lp_quat
<LI><a href="#[69]">&gt;&gt;</a>&nbsp;&nbsp;&nbsp;_memset$wrapper
<LI><a href="#[67]">&gt;&gt;</a>&nbsp;&nbsp;&nbsp;__aeabi_memclr
</UL>

<P><STRONG><a name="[16e]"></a>__aeabi_memset4</STRONG> (Thumb, 0 bytes, Stack size 0 bytes, memseta.o(.text), UNUSED)

<P><STRONG><a name="[16f]"></a>__aeabi_memset8</STRONG> (Thumb, 0 bytes, Stack size 0 bytes, memseta.o(.text), UNUSED)

<P><STRONG><a name="[67]"></a>__aeabi_memclr</STRONG> (Thumb, 4 bytes, Stack size 0 bytes, memseta.o(.text), UNUSED)
<BR><BR>[Calls]<UL><LI><a href="#[68]">&gt;&gt;</a>&nbsp;&nbsp;&nbsp;__aeabi_memset
</UL>

<P><STRONG><a name="[170]"></a>__aeabi_memclr4</STRONG> (Thumb, 0 bytes, Stack size 0 bytes, memseta.o(.text), UNUSED)

<P><STRONG><a name="[171]"></a>__aeabi_memclr8</STRONG> (Thumb, 0 bytes, Stack size 0 bytes, memseta.o(.text), UNUSED)

<P><STRONG><a name="[69]"></a>_memset$wrapper</STRONG> (Thumb, 18 bytes, Stack size 8 bytes, memseta.o(.text), UNUSED)
<BR><BR>[Calls]<UL><LI><a href="#[68]">&gt;&gt;</a>&nbsp;&nbsp;&nbsp;__aeabi_memset
</UL>

<P><STRONG><a name="[10c]"></a>strcmp</STRONG> (Thumb, 28 bytes, Stack size 8 bytes, strcmp.o(.text))
<BR><BR>[Stack]<UL><LI>Max Depth = 8<LI>Call Chain = strcmp
</UL>
<BR>[Called By]<UL><LI><a href="#[d0]">&gt;&gt;</a>&nbsp;&nbsp;&nbsp;register_dev_obj
<LI><a href="#[8f]">&gt;&gt;</a>&nbsp;&nbsp;&nbsp;get_device
</UL>

<P><STRONG><a name="[135]"></a>memcmp</STRONG> (Thumb, 26 bytes, Stack size 12 bytes, memcmp.o(.text))
<BR><BR>[Stack]<UL><LI>Max Depth = 12<LI>Call Chain = memcmp
</UL>
<BR>[Called By]<UL><LI><a href="#[f4]">&gt;&gt;</a>&nbsp;&nbsp;&nbsp;mpu_load_firmware
</UL>

<P><STRONG><a name="[143]"></a>strcpy</STRONG> (Thumb, 18 bytes, Stack size 0 bytes, strcpy.o(.text))
<BR><BR>[Called By]<UL><LI><a href="#[d0]">&gt;&gt;</a>&nbsp;&nbsp;&nbsp;register_dev_obj
</UL>

<P><STRONG><a name="[6a]"></a>__aeabi_fadd</STRONG> (Thumb, 164 bytes, Stack size 16 bytes, fadd.o(.text))
<BR><BR>[Stack]<UL><LI>Max Depth = 20<LI>Call Chain = __aeabi_fadd &rArr; _float_epilogue
</UL>
<BR>[Calls]<UL><LI><a href="#[6c]">&gt;&gt;</a>&nbsp;&nbsp;&nbsp;_float_round
<LI><a href="#[6b]">&gt;&gt;</a>&nbsp;&nbsp;&nbsp;_float_epilogue
</UL>
<BR>[Called By]<UL><LI><a href="#[6d]">&gt;&gt;</a>&nbsp;&nbsp;&nbsp;__aeabi_fsub
<LI><a href="#[4a]">&gt;&gt;</a>&nbsp;&nbsp;&nbsp;mpu6050_dmp_get_pry
<LI><a href="#[6e]">&gt;&gt;</a>&nbsp;&nbsp;&nbsp;__aeabi_frsub
</UL>

<P><STRONG><a name="[6d]"></a>__aeabi_fsub</STRONG> (Thumb, 6 bytes, Stack size 0 bytes, fadd.o(.text))
<BR><BR>[Stack]<UL><LI>Max Depth = 20<LI>Call Chain = __aeabi_fsub &rArr; __aeabi_fadd &rArr; _float_epilogue
</UL>
<BR>[Calls]<UL><LI><a href="#[6a]">&gt;&gt;</a>&nbsp;&nbsp;&nbsp;__aeabi_fadd
</UL>
<BR>[Called By]<UL><LI><a href="#[4a]">&gt;&gt;</a>&nbsp;&nbsp;&nbsp;mpu6050_dmp_get_pry
<LI><a href="#[111]">&gt;&gt;</a>&nbsp;&nbsp;&nbsp;gyro_self_test
<LI><a href="#[aa]">&gt;&gt;</a>&nbsp;&nbsp;&nbsp;accel_self_test
</UL>

<P><STRONG><a name="[6e]"></a>__aeabi_frsub</STRONG> (Thumb, 6 bytes, Stack size 0 bytes, fadd.o(.text), UNUSED)
<BR><BR>[Calls]<UL><LI><a href="#[6a]">&gt;&gt;</a>&nbsp;&nbsp;&nbsp;__aeabi_fadd
</UL>

<P><STRONG><a name="[fe]"></a>__aeabi_fmul</STRONG> (Thumb, 100 bytes, Stack size 8 bytes, fmul.o(.text))
<BR><BR>[Stack]<UL><LI>Max Depth = 8<LI>Call Chain = __aeabi_fmul
</UL>
<BR>[Called By]<UL><LI><a href="#[ea]">&gt;&gt;</a>&nbsp;&nbsp;&nbsp;dmp_set_tap_thresh
<LI><a href="#[131]">&gt;&gt;</a>&nbsp;&nbsp;&nbsp;run_self_test
<LI><a href="#[4a]">&gt;&gt;</a>&nbsp;&nbsp;&nbsp;mpu6050_dmp_get_pry
<LI><a href="#[111]">&gt;&gt;</a>&nbsp;&nbsp;&nbsp;gyro_self_test
<LI><a href="#[ab]">&gt;&gt;</a>&nbsp;&nbsp;&nbsp;get_accel_prod_shift
</UL>

<P><STRONG><a name="[6f]"></a>__aeabi_fdiv</STRONG> (Thumb, 124 bytes, Stack size 8 bytes, fdiv.o(.text))
<BR><BR>[Stack]<UL><LI>Max Depth = 8<LI>Call Chain = __aeabi_fdiv
</UL>
<BR>[Calls]<UL><LI><a href="#[6c]">&gt;&gt;</a>&nbsp;&nbsp;&nbsp;_float_round
</UL>
<BR>[Called By]<UL><LI><a href="#[ea]">&gt;&gt;</a>&nbsp;&nbsp;&nbsp;dmp_set_tap_thresh
<LI><a href="#[4a]">&gt;&gt;</a>&nbsp;&nbsp;&nbsp;mpu6050_dmp_get_pry
<LI><a href="#[111]">&gt;&gt;</a>&nbsp;&nbsp;&nbsp;gyro_self_test
<LI><a href="#[aa]">&gt;&gt;</a>&nbsp;&nbsp;&nbsp;accel_self_test
</UL>

<P><STRONG><a name="[70]"></a>__aeabi_dmul</STRONG> (Thumb, 228 bytes, Stack size 48 bytes, dmul.o(.text))
<BR><BR>[Stack]<UL><LI>Max Depth = 88<LI>Call Chain = __aeabi_dmul &rArr; _double_epilogue &rArr; _double_round
</UL>
<BR>[Calls]<UL><LI><a href="#[71]">&gt;&gt;</a>&nbsp;&nbsp;&nbsp;_double_epilogue
</UL>
<BR>[Called By]<UL><LI><a href="#[4a]">&gt;&gt;</a>&nbsp;&nbsp;&nbsp;mpu6050_dmp_get_pry
<LI><a href="#[bd]">&gt;&gt;</a>&nbsp;&nbsp;&nbsp;asin
<LI><a href="#[a3]">&gt;&gt;</a>&nbsp;&nbsp;&nbsp;__kernel_poly
<LI><a href="#[c1]">&gt;&gt;</a>&nbsp;&nbsp;&nbsp;atan
</UL>

<P><STRONG><a name="[72]"></a>__aeabi_i2f</STRONG> (Thumb, 18 bytes, Stack size 0 bytes, fflti.o(.text))
<BR><BR>[Stack]<UL><LI>Max Depth = 4<LI>Call Chain = __aeabi_i2f &rArr; _float_epilogue
</UL>
<BR>[Calls]<UL><LI><a href="#[6b]">&gt;&gt;</a>&nbsp;&nbsp;&nbsp;_float_epilogue
</UL>
<BR>[Called By]<UL><LI><a href="#[131]">&gt;&gt;</a>&nbsp;&nbsp;&nbsp;run_self_test
<LI><a href="#[4a]">&gt;&gt;</a>&nbsp;&nbsp;&nbsp;mpu6050_dmp_get_pry
<LI><a href="#[111]">&gt;&gt;</a>&nbsp;&nbsp;&nbsp;gyro_self_test
<LI><a href="#[aa]">&gt;&gt;</a>&nbsp;&nbsp;&nbsp;accel_self_test
</UL>

<P><STRONG><a name="[73]"></a>__aeabi_ui2f</STRONG> (Thumb, 10 bytes, Stack size 0 bytes, ffltui.o(.text))
<BR><BR>[Stack]<UL><LI>Max Depth = 4<LI>Call Chain = __aeabi_ui2f &rArr; _float_epilogue
</UL>
<BR>[Calls]<UL><LI><a href="#[6b]">&gt;&gt;</a>&nbsp;&nbsp;&nbsp;_float_epilogue
</UL>
<BR>[Called By]<UL><LI><a href="#[ea]">&gt;&gt;</a>&nbsp;&nbsp;&nbsp;dmp_set_tap_thresh
<LI><a href="#[111]">&gt;&gt;</a>&nbsp;&nbsp;&nbsp;gyro_self_test
</UL>

<P><STRONG><a name="[14d]"></a>__aeabi_f2iz</STRONG> (Thumb, 50 bytes, Stack size 0 bytes, ffixi.o(.text))
<BR><BR>[Called By]<UL><LI><a href="#[131]">&gt;&gt;</a>&nbsp;&nbsp;&nbsp;run_self_test
</UL>

<P><STRONG><a name="[ff]"></a>__aeabi_f2uiz</STRONG> (Thumb, 40 bytes, Stack size 0 bytes, ffixui.o(.text))
<BR><BR>[Called By]<UL><LI><a href="#[ea]">&gt;&gt;</a>&nbsp;&nbsp;&nbsp;dmp_set_tap_thresh
</UL>

<P><STRONG><a name="[ad]"></a>__aeabi_f2d</STRONG> (Thumb, 38 bytes, Stack size 0 bytes, f2d.o(.text))
<BR><BR>[Called By]<UL><LI><a href="#[4a]">&gt;&gt;</a>&nbsp;&nbsp;&nbsp;mpu6050_dmp_get_pry
<LI><a href="#[111]">&gt;&gt;</a>&nbsp;&nbsp;&nbsp;gyro_self_test
<LI><a href="#[aa]">&gt;&gt;</a>&nbsp;&nbsp;&nbsp;accel_self_test
</UL>

<P><STRONG><a name="[ae]"></a>__aeabi_cdrcmple</STRONG> (Thumb, 48 bytes, Stack size 0 bytes, cdrcmple.o(.text))
<BR><BR>[Called By]<UL><LI><a href="#[111]">&gt;&gt;</a>&nbsp;&nbsp;&nbsp;gyro_self_test
<LI><a href="#[aa]">&gt;&gt;</a>&nbsp;&nbsp;&nbsp;accel_self_test
</UL>

<P><STRONG><a name="[74]"></a>__aeabi_d2f</STRONG> (Thumb, 56 bytes, Stack size 8 bytes, d2f.o(.text))
<BR><BR>[Stack]<UL><LI>Max Depth = 8<LI>Call Chain = __aeabi_d2f
</UL>
<BR>[Calls]<UL><LI><a href="#[6c]">&gt;&gt;</a>&nbsp;&nbsp;&nbsp;_float_round
</UL>
<BR>[Called By]<UL><LI><a href="#[4a]">&gt;&gt;</a>&nbsp;&nbsp;&nbsp;mpu6050_dmp_get_pry
</UL>

<P><STRONG><a name="[ac]"></a>__aeabi_cfcmpeq</STRONG> (Thumb, 0 bytes, Stack size 0 bytes, cfcmple.o(.text))
<BR><BR>[Called By]<UL><LI><a href="#[aa]">&gt;&gt;</a>&nbsp;&nbsp;&nbsp;accel_self_test
</UL>

<P><STRONG><a name="[af]"></a>__aeabi_cfcmple</STRONG> (Thumb, 20 bytes, Stack size 0 bytes, cfcmple.o(.text))
<BR><BR>[Called By]<UL><LI><a href="#[111]">&gt;&gt;</a>&nbsp;&nbsp;&nbsp;gyro_self_test
<LI><a href="#[aa]">&gt;&gt;</a>&nbsp;&nbsp;&nbsp;accel_self_test
</UL>

<P><STRONG><a name="[b0]"></a>__aeabi_cfrcmple</STRONG> (Thumb, 20 bytes, Stack size 0 bytes, cfrcmple.o(.text))
<BR><BR>[Called By]<UL><LI><a href="#[111]">&gt;&gt;</a>&nbsp;&nbsp;&nbsp;gyro_self_test
<LI><a href="#[aa]">&gt;&gt;</a>&nbsp;&nbsp;&nbsp;accel_self_test
</UL>

<P><STRONG><a name="[172]"></a>__aeabi_uidiv</STRONG> (Thumb, 0 bytes, Stack size 12 bytes, uidiv.o(.text), UNUSED)

<P><STRONG><a name="[a9]"></a>__aeabi_uidivmod</STRONG> (Thumb, 44 bytes, Stack size 12 bytes, uidiv.o(.text), UNUSED)
<BR><BR>[Called By]<UL><LI><a href="#[a2]">&gt;&gt;</a>&nbsp;&nbsp;&nbsp;_printf_core
</UL>

<P><STRONG><a name="[66]"></a>__aeabi_uldivmod</STRONG> (Thumb, 98 bytes, Stack size 40 bytes, uldiv.o(.text))
<BR><BR>[Stack]<UL><LI>Max Depth = 40<LI>Call Chain = __aeabi_uldivmod
</UL>
<BR>[Calls]<UL><LI><a href="#[75]">&gt;&gt;</a>&nbsp;&nbsp;&nbsp;__aeabi_llsr
<LI><a href="#[76]">&gt;&gt;</a>&nbsp;&nbsp;&nbsp;__aeabi_llsl
</UL>
<BR>[Called By]<UL><LI><a href="#[65]">&gt;&gt;</a>&nbsp;&nbsp;&nbsp;__aeabi_ldivmod
</UL>

<P><STRONG><a name="[173]"></a>__I$use$fp</STRONG> (Thumb, 0 bytes, Stack size 0 bytes, iusefp.o(.text), UNUSED)

<P><STRONG><a name="[6c]"></a>_float_round</STRONG> (Thumb, 18 bytes, Stack size 0 bytes, fepilogue.o(.text))
<BR><BR>[Called By]<UL><LI><a href="#[6f]">&gt;&gt;</a>&nbsp;&nbsp;&nbsp;__aeabi_fdiv
<LI><a href="#[6a]">&gt;&gt;</a>&nbsp;&nbsp;&nbsp;__aeabi_fadd
<LI><a href="#[74]">&gt;&gt;</a>&nbsp;&nbsp;&nbsp;__aeabi_d2f
</UL>

<P><STRONG><a name="[6b]"></a>_float_epilogue</STRONG> (Thumb, 92 bytes, Stack size 4 bytes, fepilogue.o(.text))
<BR><BR>[Stack]<UL><LI>Max Depth = 4<LI>Call Chain = _float_epilogue
</UL>
<BR>[Called By]<UL><LI><a href="#[73]">&gt;&gt;</a>&nbsp;&nbsp;&nbsp;__aeabi_ui2f
<LI><a href="#[72]">&gt;&gt;</a>&nbsp;&nbsp;&nbsp;__aeabi_i2f
<LI><a href="#[6a]">&gt;&gt;</a>&nbsp;&nbsp;&nbsp;__aeabi_fadd
</UL>

<P><STRONG><a name="[77]"></a>_double_round</STRONG> (Thumb, 30 bytes, Stack size 8 bytes, depilogue.o(.text))
<BR><BR>[Stack]<UL><LI>Max Depth = 8<LI>Call Chain = _double_round
</UL>
<BR>[Called By]<UL><LI><a href="#[7c]">&gt;&gt;</a>&nbsp;&nbsp;&nbsp;__aeabi_ddiv
<LI><a href="#[78]">&gt;&gt;</a>&nbsp;&nbsp;&nbsp;__aeabi_dadd
<LI><a href="#[7e]">&gt;&gt;</a>&nbsp;&nbsp;&nbsp;_dsqrt
<LI><a href="#[71]">&gt;&gt;</a>&nbsp;&nbsp;&nbsp;_double_epilogue
</UL>

<P><STRONG><a name="[71]"></a>_double_epilogue</STRONG> (Thumb, 156 bytes, Stack size 32 bytes, depilogue.o(.text))
<BR><BR>[Stack]<UL><LI>Max Depth = 40<LI>Call Chain = _double_epilogue &rArr; _double_round
</UL>
<BR>[Calls]<UL><LI><a href="#[75]">&gt;&gt;</a>&nbsp;&nbsp;&nbsp;__aeabi_llsr
<LI><a href="#[76]">&gt;&gt;</a>&nbsp;&nbsp;&nbsp;__aeabi_llsl
<LI><a href="#[77]">&gt;&gt;</a>&nbsp;&nbsp;&nbsp;_double_round
</UL>
<BR>[Called By]<UL><LI><a href="#[70]">&gt;&gt;</a>&nbsp;&nbsp;&nbsp;__aeabi_dmul
<LI><a href="#[78]">&gt;&gt;</a>&nbsp;&nbsp;&nbsp;__aeabi_dadd
</UL>

<P><STRONG><a name="[78]"></a>__aeabi_dadd</STRONG> (Thumb, 322 bytes, Stack size 48 bytes, dadd.o(.text))
<BR><BR>[Stack]<UL><LI>Max Depth = 88<LI>Call Chain = __aeabi_dadd &rArr; _double_epilogue &rArr; _double_round
</UL>
<BR>[Calls]<UL><LI><a href="#[79]">&gt;&gt;</a>&nbsp;&nbsp;&nbsp;__aeabi_lasr
<LI><a href="#[76]">&gt;&gt;</a>&nbsp;&nbsp;&nbsp;__aeabi_llsl
<LI><a href="#[77]">&gt;&gt;</a>&nbsp;&nbsp;&nbsp;_double_round
<LI><a href="#[71]">&gt;&gt;</a>&nbsp;&nbsp;&nbsp;_double_epilogue
</UL>
<BR>[Called By]<UL><LI><a href="#[7a]">&gt;&gt;</a>&nbsp;&nbsp;&nbsp;__aeabi_dsub
<LI><a href="#[7b]">&gt;&gt;</a>&nbsp;&nbsp;&nbsp;__aeabi_drsub
<LI><a href="#[bd]">&gt;&gt;</a>&nbsp;&nbsp;&nbsp;asin
<LI><a href="#[a3]">&gt;&gt;</a>&nbsp;&nbsp;&nbsp;__kernel_poly
<LI><a href="#[a6]">&gt;&gt;</a>&nbsp;&nbsp;&nbsp;__mathlib_dbl_infnan2
<LI><a href="#[c1]">&gt;&gt;</a>&nbsp;&nbsp;&nbsp;atan
</UL>

<P><STRONG><a name="[7a]"></a>__aeabi_dsub</STRONG> (Thumb, 6 bytes, Stack size 0 bytes, dadd.o(.text))
<BR><BR>[Stack]<UL><LI>Max Depth = 88<LI>Call Chain = __aeabi_dsub &rArr; __aeabi_dadd &rArr; _double_epilogue &rArr; _double_round
</UL>
<BR>[Calls]<UL><LI><a href="#[78]">&gt;&gt;</a>&nbsp;&nbsp;&nbsp;__aeabi_dadd
</UL>
<BR>[Called By]<UL><LI><a href="#[c2]">&gt;&gt;</a>&nbsp;&nbsp;&nbsp;atan2
<LI><a href="#[bd]">&gt;&gt;</a>&nbsp;&nbsp;&nbsp;asin
<LI><a href="#[c1]">&gt;&gt;</a>&nbsp;&nbsp;&nbsp;atan
</UL>

<P><STRONG><a name="[7b]"></a>__aeabi_drsub</STRONG> (Thumb, 6 bytes, Stack size 0 bytes, dadd.o(.text))
<BR><BR>[Stack]<UL><LI>Max Depth = 88<LI>Call Chain = __aeabi_drsub &rArr; __aeabi_dadd &rArr; _double_epilogue &rArr; _double_round
</UL>
<BR>[Calls]<UL><LI><a href="#[78]">&gt;&gt;</a>&nbsp;&nbsp;&nbsp;__aeabi_dadd
</UL>
<BR>[Called By]<UL><LI><a href="#[c2]">&gt;&gt;</a>&nbsp;&nbsp;&nbsp;atan2
<LI><a href="#[bd]">&gt;&gt;</a>&nbsp;&nbsp;&nbsp;asin
<LI><a href="#[c1]">&gt;&gt;</a>&nbsp;&nbsp;&nbsp;atan
</UL>

<P><STRONG><a name="[7c]"></a>__aeabi_ddiv</STRONG> (Thumb, 222 bytes, Stack size 32 bytes, ddiv.o(.text))
<BR><BR>[Stack]<UL><LI>Max Depth = 40<LI>Call Chain = __aeabi_ddiv &rArr; _double_round
</UL>
<BR>[Calls]<UL><LI><a href="#[77]">&gt;&gt;</a>&nbsp;&nbsp;&nbsp;_double_round
</UL>
<BR>[Called By]<UL><LI><a href="#[c2]">&gt;&gt;</a>&nbsp;&nbsp;&nbsp;atan2
<LI><a href="#[bd]">&gt;&gt;</a>&nbsp;&nbsp;&nbsp;asin
<LI><a href="#[a7]">&gt;&gt;</a>&nbsp;&nbsp;&nbsp;__mathlib_dbl_invalid
<LI><a href="#[c1]">&gt;&gt;</a>&nbsp;&nbsp;&nbsp;atan
</UL>

<P><STRONG><a name="[a5]"></a>__ARM_scalbn</STRONG> (Thumb, 46 bytes, Stack size 16 bytes, dscalb.o(.text))
<BR><BR>[Stack]<UL><LI>Max Depth = 16<LI>Call Chain = __ARM_scalbn
</UL>
<BR>[Called By]<UL><LI><a href="#[bd]">&gt;&gt;</a>&nbsp;&nbsp;&nbsp;asin
<LI><a href="#[a8]">&gt;&gt;</a>&nbsp;&nbsp;&nbsp;__mathlib_dbl_underflow
<LI><a href="#[a4]">&gt;&gt;</a>&nbsp;&nbsp;&nbsp;__mathlib_dbl_infnan
<LI><a href="#[c1]">&gt;&gt;</a>&nbsp;&nbsp;&nbsp;atan
</UL>

<P><STRONG><a name="[174]"></a>scalbn</STRONG> (Thumb, 0 bytes, Stack size 16 bytes, dscalb.o(.text), UNUSED)

<P><STRONG><a name="[64]"></a>__scatterload</STRONG> (Thumb, 28 bytes, Stack size 0 bytes, init.o(.text))
<BR><BR>[Calls]<UL><LI><a href="#[7d]">&gt;&gt;</a>&nbsp;&nbsp;&nbsp;__main_after_scatterload
</UL>
<BR>[Called By]<UL><LI><a href="#[63]">&gt;&gt;</a>&nbsp;&nbsp;&nbsp;_main_scatterload
</UL>

<P><STRONG><a name="[175]"></a>__scatterload_rt2</STRONG> (Thumb, 0 bytes, Stack size 0 bytes, init.o(.text), UNUSED)

<P><STRONG><a name="[76]"></a>__aeabi_llsl</STRONG> (Thumb, 30 bytes, Stack size 0 bytes, llshl.o(.text))
<BR><BR>[Called By]<UL><LI><a href="#[78]">&gt;&gt;</a>&nbsp;&nbsp;&nbsp;__aeabi_dadd
<LI><a href="#[66]">&gt;&gt;</a>&nbsp;&nbsp;&nbsp;__aeabi_uldivmod
<LI><a href="#[71]">&gt;&gt;</a>&nbsp;&nbsp;&nbsp;_double_epilogue
</UL>

<P><STRONG><a name="[176]"></a>_ll_shift_l</STRONG> (Thumb, 0 bytes, Stack size 0 bytes, llshl.o(.text), UNUSED)

<P><STRONG><a name="[75]"></a>__aeabi_llsr</STRONG> (Thumb, 32 bytes, Stack size 0 bytes, llushr.o(.text))
<BR><BR>[Called By]<UL><LI><a href="#[66]">&gt;&gt;</a>&nbsp;&nbsp;&nbsp;__aeabi_uldivmod
<LI><a href="#[7e]">&gt;&gt;</a>&nbsp;&nbsp;&nbsp;_dsqrt
<LI><a href="#[71]">&gt;&gt;</a>&nbsp;&nbsp;&nbsp;_double_epilogue
</UL>

<P><STRONG><a name="[177]"></a>_ll_ushift_r</STRONG> (Thumb, 0 bytes, Stack size 0 bytes, llushr.o(.text), UNUSED)

<P><STRONG><a name="[79]"></a>__aeabi_lasr</STRONG> (Thumb, 36 bytes, Stack size 0 bytes, llsshr.o(.text))
<BR><BR>[Called By]<UL><LI><a href="#[78]">&gt;&gt;</a>&nbsp;&nbsp;&nbsp;__aeabi_dadd
</UL>

<P><STRONG><a name="[178]"></a>_ll_sshift_r</STRONG> (Thumb, 0 bytes, Stack size 0 bytes, llsshr.o(.text), UNUSED)

<P><STRONG><a name="[7e]"></a>_dsqrt</STRONG> (Thumb, 162 bytes, Stack size 32 bytes, dsqrt.o(.text))
<BR><BR>[Stack]<UL><LI>Max Depth = 40<LI>Call Chain = _dsqrt &rArr; _double_round
</UL>
<BR>[Calls]<UL><LI><a href="#[75]">&gt;&gt;</a>&nbsp;&nbsp;&nbsp;__aeabi_llsr
<LI><a href="#[77]">&gt;&gt;</a>&nbsp;&nbsp;&nbsp;_double_round
</UL>
<BR>[Called By]<UL><LI><a href="#[c0]">&gt;&gt;</a>&nbsp;&nbsp;&nbsp;sqrt
</UL>

<P><STRONG><a name="[7f]"></a>AnBT_DMP_MPU6050_DEV_CFG</STRONG> (Thumb, 410 bytes, Stack size 16 bytes, mpu6050_dmp.o(i.AnBT_DMP_MPU6050_DEV_CFG))
<BR><BR>[Stack]<UL><LI>Max Depth = 116<LI>Call Chain = AnBT_DMP_MPU6050_DEV_CFG &rArr; mpu_set_sample_rate &rArr; mpu_lp_accel_mode &rArr; mpu_configure_fifo &rArr; set_int_enable &rArr; mpu6050_dmp_iic_write &rArr; i2c_flag_get
</UL>
<BR>[Calls]<UL><LI><a href="#[89]">&gt;&gt;</a>&nbsp;&nbsp;&nbsp;mpu_set_sensors
<LI><a href="#[86]">&gt;&gt;</a>&nbsp;&nbsp;&nbsp;mpu_set_sample_rate
<LI><a href="#[85]">&gt;&gt;</a>&nbsp;&nbsp;&nbsp;mpu_set_lpf
<LI><a href="#[83]">&gt;&gt;</a>&nbsp;&nbsp;&nbsp;mpu_set_gyro_fsr
<LI><a href="#[88]">&gt;&gt;</a>&nbsp;&nbsp;&nbsp;mpu_set_bypass
<LI><a href="#[84]">&gt;&gt;</a>&nbsp;&nbsp;&nbsp;mpu_set_accel_fsr
<LI><a href="#[87]">&gt;&gt;</a>&nbsp;&nbsp;&nbsp;mpu_configure_fifo
<LI><a href="#[81]">&gt;&gt;</a>&nbsp;&nbsp;&nbsp;mpu6050_dmp_iic_write
<LI><a href="#[80]">&gt;&gt;</a>&nbsp;&nbsp;&nbsp;mpu6050_dmp_iic_read
<LI><a href="#[82]">&gt;&gt;</a>&nbsp;&nbsp;&nbsp;mpu6050_dmp_delay_ms
</UL>
<BR>[Called By]<UL><LI><a href="#[49]">&gt;&gt;</a>&nbsp;&nbsp;&nbsp;mpu6050_dmp_init
</UL>

<P><STRONG><a name="[4]"></a>BusFault_Handler</STRONG> (Thumb, 4 bytes, Stack size 0 bytes, gd32f10x_it.o(i.BusFault_Handler))
<BR>[Address Reference Count : 1]<UL><LI> startup_gd32f10x_md.o(RESET)
</UL>
<P><STRONG><a name="[7]"></a>DebugMon_Handler</STRONG> (Thumb, 2 bytes, Stack size 0 bytes, gd32f10x_it.o(i.DebugMon_Handler))
<BR>[Address Reference Count : 1]<UL><LI> startup_gd32f10x_md.o(RESET)
</UL>
<P><STRONG><a name="[10]"></a>EXTI0_IRQHandler</STRONG> (Thumb, 38 bytes, Stack size 8 bytes, servo.o(i.EXTI0_IRQHandler))
<BR><BR>[Stack]<UL><LI>Max Depth = 8<LI>Call Chain = EXTI0_IRQHandler
</UL>
<BR>[Calls]<UL><LI><a href="#[8a]">&gt;&gt;</a>&nbsp;&nbsp;&nbsp;exti_interrupt_flag_get
<LI><a href="#[8b]">&gt;&gt;</a>&nbsp;&nbsp;&nbsp;exti_interrupt_flag_clear
</UL>
<BR>[Address Reference Count : 1]<UL><LI> startup_gd32f10x_md.o(RESET)
</UL>
<P><STRONG><a name="[32]"></a>EXTI10_15_IRQHandler</STRONG> (Thumb, 196 bytes, Stack size 8 bytes, servo.o(i.EXTI10_15_IRQHandler))
<BR><BR>[Stack]<UL><LI>Max Depth = 8<LI>Call Chain = EXTI10_15_IRQHandler
</UL>
<BR>[Calls]<UL><LI><a href="#[8c]">&gt;&gt;</a>&nbsp;&nbsp;&nbsp;timer_channel_output_pulse_value_config
<LI><a href="#[8a]">&gt;&gt;</a>&nbsp;&nbsp;&nbsp;exti_interrupt_flag_get
<LI><a href="#[8b]">&gt;&gt;</a>&nbsp;&nbsp;&nbsp;exti_interrupt_flag_clear
<LI><a href="#[8d]">&gt;&gt;</a>&nbsp;&nbsp;&nbsp;gpio_input_bit_get
</UL>
<BR>[Address Reference Count : 1]<UL><LI> startup_gd32f10x_md.o(RESET)
</UL>
<P><STRONG><a name="[11]"></a>EXTI1_IRQHandler</STRONG> (Thumb, 94 bytes, Stack size 8 bytes, servo.o(i.EXTI1_IRQHandler))
<BR><BR>[Stack]<UL><LI>Max Depth = 8<LI>Call Chain = EXTI1_IRQHandler
</UL>
<BR>[Calls]<UL><LI><a href="#[8a]">&gt;&gt;</a>&nbsp;&nbsp;&nbsp;exti_interrupt_flag_get
<LI><a href="#[8b]">&gt;&gt;</a>&nbsp;&nbsp;&nbsp;exti_interrupt_flag_clear
</UL>
<BR>[Address Reference Count : 1]<UL><LI> startup_gd32f10x_md.o(RESET)
</UL>
<P><STRONG><a name="[2]"></a>HardFault_Handler</STRONG> (Thumb, 4 bytes, Stack size 0 bytes, gd32f10x_it.o(i.HardFault_Handler))
<BR>[Address Reference Count : 1]<UL><LI> startup_gd32f10x_md.o(RESET)
</UL>
<P><STRONG><a name="[2a]"></a>I2C0_ER_IRQHandler</STRONG> (Thumb, 2 bytes, Stack size 0 bytes, iic.o(i.I2C0_ER_IRQHandler))
<BR>[Address Reference Count : 1]<UL><LI> startup_gd32f10x_md.o(RESET)
</UL>
<P><STRONG><a name="[29]"></a>I2C0_EV_IRQHandler</STRONG> (Thumb, 2 bytes, Stack size 0 bytes, iic.o(i.I2C0_EV_IRQHandler))
<BR>[Address Reference Count : 1]<UL><LI> startup_gd32f10x_md.o(RESET)
</UL>
<P><STRONG><a name="[97]"></a>InitHeap</STRONG> (Thumb, 68 bytes, Stack size 16 bytes, sram.o(i.InitHeap))
<BR><BR>[Stack]<UL><LI>Max Depth = 16<LI>Call Chain = InitHeap
</UL>
<BR>[Called By]<UL><LI><a href="#[96]">&gt;&gt;</a>&nbsp;&nbsp;&nbsp;SramMalloc
</UL>

<P><STRONG><a name="[8e]"></a>LedTask</STRONG> (Thumb, 116 bytes, Stack size 8 bytes, app.o(i.LedTask))
<BR><BR>[Stack]<UL><LI>Max Depth = 32<LI>Call Chain = LedTask &rArr; get_device &rArr; strcmp
</UL>
<BR>[Calls]<UL><LI><a href="#[8f]">&gt;&gt;</a>&nbsp;&nbsp;&nbsp;get_device
</UL>
<BR>[Called By]<UL><LI><a href="#[36]">&gt;&gt;</a>&nbsp;&nbsp;&nbsp;main
</UL>

<P><STRONG><a name="[3]"></a>MemManage_Handler</STRONG> (Thumb, 4 bytes, Stack size 0 bytes, gd32f10x_it.o(i.MemManage_Handler))
<BR>[Address Reference Count : 1]<UL><LI> startup_gd32f10x_md.o(RESET)
</UL>
<P><STRONG><a name="[1]"></a>NMI_Handler</STRONG> (Thumb, 2 bytes, Stack size 0 bytes, gd32f10x_it.o(i.NMI_Handler))
<BR>[Address Reference Count : 1]<UL><LI> startup_gd32f10x_md.o(RESET)
</UL>
<P><STRONG><a name="[33]"></a>RTC_Alarm_IRQHandler</STRONG> (Thumb, 44 bytes, Stack size 8 bytes, rtc.o(i.RTC_Alarm_IRQHandler))
<BR><BR>[Stack]<UL><LI>Max Depth = 12<LI>Call Chain = RTC_Alarm_IRQHandler &rArr; rtc_alarm_config
</UL>
<BR>[Calls]<UL><LI><a href="#[8b]">&gt;&gt;</a>&nbsp;&nbsp;&nbsp;exti_interrupt_flag_clear
<LI><a href="#[94]">&gt;&gt;</a>&nbsp;&nbsp;&nbsp;rtc_lwoff_wait
<LI><a href="#[90]">&gt;&gt;</a>&nbsp;&nbsp;&nbsp;rtc_flag_get
<LI><a href="#[91]">&gt;&gt;</a>&nbsp;&nbsp;&nbsp;rtc_flag_clear
<LI><a href="#[92]">&gt;&gt;</a>&nbsp;&nbsp;&nbsp;rtc_counter_get
<LI><a href="#[93]">&gt;&gt;</a>&nbsp;&nbsp;&nbsp;rtc_alarm_config
</UL>
<BR>[Address Reference Count : 1]<UL><LI> startup_gd32f10x_md.o(RESET)
</UL>
<P><STRONG><a name="[d]"></a>RTC_IRQHandler</STRONG> (Thumb, 68 bytes, Stack size 8 bytes, rtc.o(i.RTC_IRQHandler))
<BR><BR>[Stack]<UL><LI>Max Depth = 32<LI>Call Chain = RTC_IRQHandler &rArr; __2printf
</UL>
<BR>[Calls]<UL><LI><a href="#[94]">&gt;&gt;</a>&nbsp;&nbsp;&nbsp;rtc_lwoff_wait
<LI><a href="#[90]">&gt;&gt;</a>&nbsp;&nbsp;&nbsp;rtc_flag_get
<LI><a href="#[91]">&gt;&gt;</a>&nbsp;&nbsp;&nbsp;rtc_flag_clear
<LI><a href="#[92]">&gt;&gt;</a>&nbsp;&nbsp;&nbsp;rtc_counter_get
<LI><a href="#[93]">&gt;&gt;</a>&nbsp;&nbsp;&nbsp;rtc_alarm_config
<LI><a href="#[95]">&gt;&gt;</a>&nbsp;&nbsp;&nbsp;__2printf
</UL>
<BR>[Address Reference Count : 1]<UL><LI> startup_gd32f10x_md.o(RESET)
</UL>
<P><STRONG><a name="[6]"></a>SVC_Handler</STRONG> (Thumb, 2 bytes, Stack size 0 bytes, gd32f10x_it.o(i.SVC_Handler))
<BR>[Address Reference Count : 1]<UL><LI> startup_gd32f10x_md.o(RESET)
</UL>
<P><STRONG><a name="[96]"></a>SramMalloc</STRONG> (Thumb, 50 bytes, Stack size 16 bytes, sram.o(i.SramMalloc))
<BR><BR>[Stack]<UL><LI>Max Depth = 32<LI>Call Chain = SramMalloc &rArr; InitHeap
</UL>
<BR>[Calls]<UL><LI><a href="#[97]">&gt;&gt;</a>&nbsp;&nbsp;&nbsp;InitHeap
<LI><a href="#[99]">&gt;&gt;</a>&nbsp;&nbsp;&nbsp;SramMerge
<LI><a href="#[98]">&gt;&gt;</a>&nbsp;&nbsp;&nbsp;SramFindHeap
</UL>
<BR>[Called By]<UL><LI><a href="#[121]">&gt;&gt;</a>&nbsp;&nbsp;&nbsp;init_dev_obj
<LI><a href="#[d8]">&gt;&gt;</a>&nbsp;&nbsp;&nbsp;signal_register
<LI><a href="#[d7]">&gt;&gt;</a>&nbsp;&nbsp;&nbsp;servo_register
<LI><a href="#[db]">&gt;&gt;</a>&nbsp;&nbsp;&nbsp;rtc_register
<LI><a href="#[d9]">&gt;&gt;</a>&nbsp;&nbsp;&nbsp;power_register
<LI><a href="#[da]">&gt;&gt;</a>&nbsp;&nbsp;&nbsp;mpu6050_dmp_register
<LI><a href="#[d6]">&gt;&gt;</a>&nbsp;&nbsp;&nbsp;led_register
<LI><a href="#[dc]">&gt;&gt;</a>&nbsp;&nbsp;&nbsp;iwdg_register
<LI><a href="#[dd]">&gt;&gt;</a>&nbsp;&nbsp;&nbsp;flash_rrgister
<LI><a href="#[d4]">&gt;&gt;</a>&nbsp;&nbsp;&nbsp;button_register
<LI><a href="#[cf]">&gt;&gt;</a>&nbsp;&nbsp;&nbsp;bluetooth_register
</UL>

<P><STRONG><a name="[9]"></a>SysTick_Handler</STRONG> (Thumb, 12 bytes, Stack size 0 bytes, sys.o(i.SysTick_Handler))
<BR>[Address Reference Count : 1]<UL><LI> startup_gd32f10x_md.o(RESET)
</UL>
<P><STRONG><a name="[37]"></a>SystemInit</STRONG> (Thumb, 84 bytes, Stack size 8 bytes, system_gd32f10x.o(i.SystemInit))
<BR><BR>[Stack]<UL><LI>Max Depth = 16<LI>Call Chain = SystemInit &rArr; system_clock_config
</UL>
<BR>[Calls]<UL><LI><a href="#[9a]">&gt;&gt;</a>&nbsp;&nbsp;&nbsp;system_clock_config
</UL>
<BR>[Address Reference Count : 1]<UL><LI> startup_gd32f10x_md.o(.text)
</UL>
<P><STRONG><a name="[26]"></a>TIMER1_IRQHandler</STRONG> (Thumb, 128 bytes, Stack size 8 bytes, signal.o(i.TIMER1_IRQHandler))
<BR><BR>[Stack]<UL><LI>Max Depth = 8<LI>Call Chain = TIMER1_IRQHandler
</UL>
<BR>[Calls]<UL><LI><a href="#[9b]">&gt;&gt;</a>&nbsp;&nbsp;&nbsp;timer_interrupt_flag_get
<LI><a href="#[9c]">&gt;&gt;</a>&nbsp;&nbsp;&nbsp;timer_interrupt_flag_clear
</UL>
<BR>[Address Reference Count : 1]<UL><LI> startup_gd32f10x_md.o(RESET)
</UL>
<P><STRONG><a name="[27]"></a>TIMER2_IRQHandler</STRONG> (Thumb, 76 bytes, Stack size 8 bytes, signal.o(i.TIMER2_IRQHandler))
<BR><BR>[Stack]<UL><LI>Max Depth = 8<LI>Call Chain = TIMER2_IRQHandler
</UL>
<BR>[Calls]<UL><LI><a href="#[9c]">&gt;&gt;</a>&nbsp;&nbsp;&nbsp;timer_interrupt_flag_clear
</UL>
<BR>[Address Reference Count : 1]<UL><LI> startup_gd32f10x_md.o(RESET)
</UL>
<P><STRONG><a name="[31]"></a>USART2_IRQHandler</STRONG> (Thumb, 110 bytes, Stack size 8 bytes, bluetooth.o(i.USART2_IRQHandler))
<BR><BR>[Stack]<UL><LI>Max Depth = 24<LI>Call Chain = USART2_IRQHandler &rArr; usart_interrupt_flag_get
</UL>
<BR>[Calls]<UL><LI><a href="#[9d]">&gt;&gt;</a>&nbsp;&nbsp;&nbsp;usart_interrupt_flag_get
<LI><a href="#[9f]">&gt;&gt;</a>&nbsp;&nbsp;&nbsp;usart_interrupt_disable
<LI><a href="#[a0]">&gt;&gt;</a>&nbsp;&nbsp;&nbsp;usart_data_transmit
<LI><a href="#[9e]">&gt;&gt;</a>&nbsp;&nbsp;&nbsp;usart_data_receive
</UL>
<BR>[Address Reference Count : 1]<UL><LI> startup_gd32f10x_md.o(RESET)
</UL>
<P><STRONG><a name="[5]"></a>UsageFault_Handler</STRONG> (Thumb, 4 bytes, Stack size 0 bytes, gd32f10x_it.o(i.UsageFault_Handler))
<BR>[Address Reference Count : 1]<UL><LI> startup_gd32f10x_md.o(RESET)
</UL>
<P><STRONG><a name="[a1]"></a>__0printf$1</STRONG> (Thumb, 22 bytes, Stack size 24 bytes, printf1.o(i.__0printf$1), UNUSED)
<BR><BR>[Calls]<UL><LI><a href="#[a2]">&gt;&gt;</a>&nbsp;&nbsp;&nbsp;_printf_core
</UL>

<P><STRONG><a name="[179]"></a>__1printf$1</STRONG> (Thumb, 0 bytes, Stack size 24 bytes, printf1.o(i.__0printf$1), UNUSED)

<P><STRONG><a name="[95]"></a>__2printf</STRONG> (Thumb, 0 bytes, Stack size 24 bytes, printf1.o(i.__0printf$1))
<BR><BR>[Stack]<UL><LI>Max Depth = 24<LI>Call Chain = __2printf
</UL>
<BR>[Called By]<UL><LI><a href="#[12e]">&gt;&gt;</a>&nbsp;&nbsp;&nbsp;t_auto
<LI><a href="#[12d]">&gt;&gt;</a>&nbsp;&nbsp;&nbsp;moto
<LI><a href="#[d]">&gt;&gt;</a>&nbsp;&nbsp;&nbsp;RTC_IRQHandler
</UL>

<P><STRONG><a name="[bf]"></a>__ARM_fpclassify</STRONG> (Thumb, 40 bytes, Stack size 0 bytes, fpclassify.o(i.__ARM_fpclassify))
<BR><BR>[Called By]<UL><LI><a href="#[bd]">&gt;&gt;</a>&nbsp;&nbsp;&nbsp;asin
<LI><a href="#[c1]">&gt;&gt;</a>&nbsp;&nbsp;&nbsp;atan
</UL>

<P><STRONG><a name="[a3]"></a>__kernel_poly</STRONG> (Thumb, 170 bytes, Stack size 24 bytes, poly.o(i.__kernel_poly))
<BR><BR>[Stack]<UL><LI>Max Depth = 112<LI>Call Chain = __kernel_poly &rArr; __aeabi_dmul &rArr; _double_epilogue &rArr; _double_round
</UL>
<BR>[Calls]<UL><LI><a href="#[70]">&gt;&gt;</a>&nbsp;&nbsp;&nbsp;__aeabi_dmul
<LI><a href="#[78]">&gt;&gt;</a>&nbsp;&nbsp;&nbsp;__aeabi_dadd
</UL>
<BR>[Called By]<UL><LI><a href="#[bd]">&gt;&gt;</a>&nbsp;&nbsp;&nbsp;asin
<LI><a href="#[c1]">&gt;&gt;</a>&nbsp;&nbsp;&nbsp;atan
</UL>

<P><STRONG><a name="[a4]"></a>__mathlib_dbl_infnan</STRONG> (Thumb, 6 bytes, Stack size 0 bytes, dunder.o(i.__mathlib_dbl_infnan))
<BR><BR>[Stack]<UL><LI>Max Depth = 16<LI>Call Chain = __mathlib_dbl_infnan &rArr; __ARM_scalbn
</UL>
<BR>[Calls]<UL><LI><a href="#[a5]">&gt;&gt;</a>&nbsp;&nbsp;&nbsp;__ARM_scalbn
</UL>
<BR>[Called By]<UL><LI><a href="#[bd]">&gt;&gt;</a>&nbsp;&nbsp;&nbsp;asin
<LI><a href="#[c1]">&gt;&gt;</a>&nbsp;&nbsp;&nbsp;atan
</UL>

<P><STRONG><a name="[a6]"></a>__mathlib_dbl_infnan2</STRONG> (Thumb, 4 bytes, Stack size 0 bytes, dunder.o(i.__mathlib_dbl_infnan2))
<BR><BR>[Stack]<UL><LI>Max Depth = 88<LI>Call Chain = __mathlib_dbl_infnan2 &rArr; __aeabi_dadd &rArr; _double_epilogue &rArr; _double_round
</UL>
<BR>[Calls]<UL><LI><a href="#[78]">&gt;&gt;</a>&nbsp;&nbsp;&nbsp;__aeabi_dadd
</UL>
<BR>[Called By]<UL><LI><a href="#[c2]">&gt;&gt;</a>&nbsp;&nbsp;&nbsp;atan2
</UL>

<P><STRONG><a name="[a7]"></a>__mathlib_dbl_invalid</STRONG> (Thumb, 12 bytes, Stack size 0 bytes, dunder.o(i.__mathlib_dbl_invalid))
<BR><BR>[Stack]<UL><LI>Max Depth = 40<LI>Call Chain = __mathlib_dbl_invalid &rArr; __aeabi_ddiv &rArr; _double_round
</UL>
<BR>[Calls]<UL><LI><a href="#[7c]">&gt;&gt;</a>&nbsp;&nbsp;&nbsp;__aeabi_ddiv
</UL>
<BR>[Called By]<UL><LI><a href="#[bd]">&gt;&gt;</a>&nbsp;&nbsp;&nbsp;asin
</UL>

<P><STRONG><a name="[a8]"></a>__mathlib_dbl_underflow</STRONG> (Thumb, 10 bytes, Stack size 0 bytes, dunder.o(i.__mathlib_dbl_underflow))
<BR><BR>[Stack]<UL><LI>Max Depth = 16<LI>Call Chain = __mathlib_dbl_underflow &rArr; __ARM_scalbn
</UL>
<BR>[Calls]<UL><LI><a href="#[a5]">&gt;&gt;</a>&nbsp;&nbsp;&nbsp;__ARM_scalbn
</UL>
<BR>[Called By]<UL><LI><a href="#[bd]">&gt;&gt;</a>&nbsp;&nbsp;&nbsp;asin
<LI><a href="#[c1]">&gt;&gt;</a>&nbsp;&nbsp;&nbsp;atan
</UL>

<P><STRONG><a name="[17a]"></a>__scatterload_copy</STRONG> (Thumb, 14 bytes, Stack size unknown bytes, handlers.o(i.__scatterload_copy), UNUSED)

<P><STRONG><a name="[17b]"></a>__scatterload_null</STRONG> (Thumb, 2 bytes, Stack size unknown bytes, handlers.o(i.__scatterload_null), UNUSED)

<P><STRONG><a name="[17c]"></a>__scatterload_zeroinit</STRONG> (Thumb, 14 bytes, Stack size unknown bytes, handlers.o(i.__scatterload_zeroinit), UNUSED)

<P><STRONG><a name="[be]"></a>__set_errno</STRONG> (Thumb, 6 bytes, Stack size 0 bytes, errno.o(i.__set_errno))
<BR><BR>[Called By]<UL><LI><a href="#[bd]">&gt;&gt;</a>&nbsp;&nbsp;&nbsp;asin
<LI><a href="#[c0]">&gt;&gt;</a>&nbsp;&nbsp;&nbsp;sqrt
</UL>

<P><STRONG><a name="[bb]"></a>adc_calibration_enable</STRONG> (Thumb, 42 bytes, Stack size 0 bytes, gd32f10x_adc.o(i.adc_calibration_enable))
<BR><BR>[Called By]<UL><LI><a href="#[b1]">&gt;&gt;</a>&nbsp;&nbsp;&nbsp;adc_config
</UL>

<P><STRONG><a name="[b6]"></a>adc_channel_length_config</STRONG> (Thumb, 70 bytes, Stack size 12 bytes, gd32f10x_adc.o(i.adc_channel_length_config))
<BR><BR>[Stack]<UL><LI>Max Depth = 12<LI>Call Chain = adc_channel_length_config
</UL>
<BR>[Called By]<UL><LI><a href="#[b1]">&gt;&gt;</a>&nbsp;&nbsp;&nbsp;adc_config
</UL>

<P><STRONG><a name="[b4]"></a>adc_data_alignment_config</STRONG> (Thumb, 22 bytes, Stack size 0 bytes, gd32f10x_adc.o(i.adc_data_alignment_config))
<BR><BR>[Called By]<UL><LI><a href="#[b1]">&gt;&gt;</a>&nbsp;&nbsp;&nbsp;adc_config
</UL>

<P><STRONG><a name="[b8]"></a>adc_discontinuous_mode_config</STRONG> (Thumb, 76 bytes, Stack size 12 bytes, gd32f10x_adc.o(i.adc_discontinuous_mode_config))
<BR><BR>[Stack]<UL><LI>Max Depth = 12<LI>Call Chain = adc_discontinuous_mode_config
</UL>
<BR>[Called By]<UL><LI><a href="#[b1]">&gt;&gt;</a>&nbsp;&nbsp;&nbsp;adc_config
</UL>

<P><STRONG><a name="[bc]"></a>adc_dma_mode_enable</STRONG> (Thumb, 10 bytes, Stack size 0 bytes, gd32f10x_adc.o(i.adc_dma_mode_enable))
<BR><BR>[Called By]<UL><LI><a href="#[b1]">&gt;&gt;</a>&nbsp;&nbsp;&nbsp;adc_config
</UL>

<P><STRONG><a name="[b9]"></a>adc_enable</STRONG> (Thumb, 18 bytes, Stack size 0 bytes, gd32f10x_adc.o(i.adc_enable))
<BR><BR>[Called By]<UL><LI><a href="#[b1]">&gt;&gt;</a>&nbsp;&nbsp;&nbsp;adc_config
</UL>

<P><STRONG><a name="[b3]"></a>adc_external_trigger_config</STRONG> (Thumb, 62 bytes, Stack size 0 bytes, gd32f10x_adc.o(i.adc_external_trigger_config))
<BR><BR>[Called By]<UL><LI><a href="#[b1]">&gt;&gt;</a>&nbsp;&nbsp;&nbsp;adc_config
</UL>

<P><STRONG><a name="[b2]"></a>adc_external_trigger_source_config</STRONG> (Thumb, 48 bytes, Stack size 0 bytes, gd32f10x_adc.o(i.adc_external_trigger_source_config))
<BR><BR>[Called By]<UL><LI><a href="#[b1]">&gt;&gt;</a>&nbsp;&nbsp;&nbsp;adc_config
</UL>

<P><STRONG><a name="[b5]"></a>adc_mode_config</STRONG> (Thumb, 22 bytes, Stack size 0 bytes, gd32f10x_adc.o(i.adc_mode_config))
<BR><BR>[Called By]<UL><LI><a href="#[b1]">&gt;&gt;</a>&nbsp;&nbsp;&nbsp;adc_config
</UL>

<P><STRONG><a name="[b7]"></a>adc_regular_channel_config</STRONG> (Thumb, 172 bytes, Stack size 20 bytes, gd32f10x_adc.o(i.adc_regular_channel_config))
<BR><BR>[Stack]<UL><LI>Max Depth = 20<LI>Call Chain = adc_regular_channel_config
</UL>
<BR>[Called By]<UL><LI><a href="#[b1]">&gt;&gt;</a>&nbsp;&nbsp;&nbsp;adc_config
</UL>

<P><STRONG><a name="[140]"></a>adc_software_trigger_enable</STRONG> (Thumb, 30 bytes, Stack size 0 bytes, gd32f10x_adc.o(i.adc_software_trigger_enable))
<BR><BR>[Called By]<UL><LI><a href="#[50]">&gt;&gt;</a>&nbsp;&nbsp;&nbsp;power_get_moto_current
<LI><a href="#[4d]">&gt;&gt;</a>&nbsp;&nbsp;&nbsp;power_get_battery
</UL>

<P><STRONG><a name="[bd]"></a>asin</STRONG> (Thumb, 572 bytes, Stack size 56 bytes, asin.o(i.asin))
<BR><BR>[Stack]<UL><LI>Max Depth = 168<LI>Call Chain = asin &rArr; __kernel_poly &rArr; __aeabi_dmul &rArr; _double_epilogue &rArr; _double_round
</UL>
<BR>[Calls]<UL><LI><a href="#[70]">&gt;&gt;</a>&nbsp;&nbsp;&nbsp;__aeabi_dmul
<LI><a href="#[7a]">&gt;&gt;</a>&nbsp;&nbsp;&nbsp;__aeabi_dsub
<LI><a href="#[7b]">&gt;&gt;</a>&nbsp;&nbsp;&nbsp;__aeabi_drsub
<LI><a href="#[7c]">&gt;&gt;</a>&nbsp;&nbsp;&nbsp;__aeabi_ddiv
<LI><a href="#[78]">&gt;&gt;</a>&nbsp;&nbsp;&nbsp;__aeabi_dadd
<LI><a href="#[a5]">&gt;&gt;</a>&nbsp;&nbsp;&nbsp;__ARM_scalbn
<LI><a href="#[be]">&gt;&gt;</a>&nbsp;&nbsp;&nbsp;__set_errno
<LI><a href="#[c0]">&gt;&gt;</a>&nbsp;&nbsp;&nbsp;sqrt
<LI><a href="#[a3]">&gt;&gt;</a>&nbsp;&nbsp;&nbsp;__kernel_poly
<LI><a href="#[bf]">&gt;&gt;</a>&nbsp;&nbsp;&nbsp;__ARM_fpclassify
<LI><a href="#[a8]">&gt;&gt;</a>&nbsp;&nbsp;&nbsp;__mathlib_dbl_underflow
<LI><a href="#[a7]">&gt;&gt;</a>&nbsp;&nbsp;&nbsp;__mathlib_dbl_invalid
<LI><a href="#[a4]">&gt;&gt;</a>&nbsp;&nbsp;&nbsp;__mathlib_dbl_infnan
</UL>
<BR>[Called By]<UL><LI><a href="#[4a]">&gt;&gt;</a>&nbsp;&nbsp;&nbsp;mpu6050_dmp_get_pry
</UL>

<P><STRONG><a name="[c1]"></a>atan</STRONG> (Thumb, 474 bytes, Stack size 40 bytes, atan.o(i.atan))
<BR><BR>[Stack]<UL><LI>Max Depth = 152<LI>Call Chain = atan &rArr; __kernel_poly &rArr; __aeabi_dmul &rArr; _double_epilogue &rArr; _double_round
</UL>
<BR>[Calls]<UL><LI><a href="#[70]">&gt;&gt;</a>&nbsp;&nbsp;&nbsp;__aeabi_dmul
<LI><a href="#[7a]">&gt;&gt;</a>&nbsp;&nbsp;&nbsp;__aeabi_dsub
<LI><a href="#[7b]">&gt;&gt;</a>&nbsp;&nbsp;&nbsp;__aeabi_drsub
<LI><a href="#[7c]">&gt;&gt;</a>&nbsp;&nbsp;&nbsp;__aeabi_ddiv
<LI><a href="#[78]">&gt;&gt;</a>&nbsp;&nbsp;&nbsp;__aeabi_dadd
<LI><a href="#[a5]">&gt;&gt;</a>&nbsp;&nbsp;&nbsp;__ARM_scalbn
<LI><a href="#[a3]">&gt;&gt;</a>&nbsp;&nbsp;&nbsp;__kernel_poly
<LI><a href="#[bf]">&gt;&gt;</a>&nbsp;&nbsp;&nbsp;__ARM_fpclassify
<LI><a href="#[a8]">&gt;&gt;</a>&nbsp;&nbsp;&nbsp;__mathlib_dbl_underflow
<LI><a href="#[a4]">&gt;&gt;</a>&nbsp;&nbsp;&nbsp;__mathlib_dbl_infnan
</UL>
<BR>[Called By]<UL><LI><a href="#[c2]">&gt;&gt;</a>&nbsp;&nbsp;&nbsp;atan2
</UL>

<P><STRONG><a name="[c2]"></a>atan2</STRONG> (Thumb, 346 bytes, Stack size 32 bytes, atan2.o(i.atan2))
<BR><BR>[Stack]<UL><LI>Max Depth = 184<LI>Call Chain = atan2 &rArr; atan &rArr; __kernel_poly &rArr; __aeabi_dmul &rArr; _double_epilogue &rArr; _double_round
</UL>
<BR>[Calls]<UL><LI><a href="#[7a]">&gt;&gt;</a>&nbsp;&nbsp;&nbsp;__aeabi_dsub
<LI><a href="#[7b]">&gt;&gt;</a>&nbsp;&nbsp;&nbsp;__aeabi_drsub
<LI><a href="#[7c]">&gt;&gt;</a>&nbsp;&nbsp;&nbsp;__aeabi_ddiv
<LI><a href="#[a6]">&gt;&gt;</a>&nbsp;&nbsp;&nbsp;__mathlib_dbl_infnan2
<LI><a href="#[c1]">&gt;&gt;</a>&nbsp;&nbsp;&nbsp;atan
</UL>
<BR>[Called By]<UL><LI><a href="#[4a]">&gt;&gt;</a>&nbsp;&nbsp;&nbsp;mpu6050_dmp_get_pry
</UL>

<P><STRONG><a name="[c3]"></a>bkp_deinit</STRONG> (Thumb, 12 bytes, Stack size 8 bytes, gd32f10x_bkp.o(i.bkp_deinit))
<BR><BR>[Stack]<UL><LI>Max Depth = 8<LI>Call Chain = bkp_deinit
</UL>
<BR>[Calls]<UL><LI><a href="#[c4]">&gt;&gt;</a>&nbsp;&nbsp;&nbsp;rcu_bkp_reset_enable
<LI><a href="#[c5]">&gt;&gt;</a>&nbsp;&nbsp;&nbsp;rcu_bkp_reset_disable
</UL>
<BR>[Called By]<UL><LI><a href="#[146]">&gt;&gt;</a>&nbsp;&nbsp;&nbsp;rtc_configuration
</UL>

<P><STRONG><a name="[3b]"></a>bluetooth_power_off</STRONG> (Thumb, 42 bytes, Stack size 8 bytes, bluetooth.o(i.bluetooth_power_off))
<BR><BR>[Stack]<UL><LI>Max Depth = 28<LI>Call Chain = bluetooth_power_off &rArr; gpio_init
</UL>
<BR>[Calls]<UL><LI><a href="#[c8]">&gt;&gt;</a>&nbsp;&nbsp;&nbsp;gpio_init
</UL>
<BR>[Address Reference Count : 1]<UL><LI> bluetooth.o(i.bluetooth_register)
</UL>
<P><STRONG><a name="[3c]"></a>bluetooth_power_on</STRONG> (Thumb, 42 bytes, Stack size 8 bytes, bluetooth.o(i.bluetooth_power_on))
<BR><BR>[Stack]<UL><LI>Max Depth = 28<LI>Call Chain = bluetooth_power_on &rArr; gpio_init
</UL>
<BR>[Calls]<UL><LI><a href="#[c8]">&gt;&gt;</a>&nbsp;&nbsp;&nbsp;gpio_init
</UL>
<BR>[Address Reference Count : 1]<UL><LI> bluetooth.o(i.bluetooth_register)
</UL>
<P><STRONG><a name="[cf]"></a>bluetooth_register</STRONG> (Thumb, 32 bytes, Stack size 8 bytes, bluetooth.o(i.bluetooth_register))
<BR><BR>[Stack]<UL><LI>Max Depth = 72<LI>Call Chain = bluetooth_register &rArr; register_dev_obj &rArr; init_dev_obj &rArr; SramMalloc &rArr; InitHeap
</UL>
<BR>[Calls]<UL><LI><a href="#[96]">&gt;&gt;</a>&nbsp;&nbsp;&nbsp;SramMalloc
<LI><a href="#[d0]">&gt;&gt;</a>&nbsp;&nbsp;&nbsp;register_dev_obj
</UL>
<BR>[Called By]<UL><LI><a href="#[d5]">&gt;&gt;</a>&nbsp;&nbsp;&nbsp;device_init
</UL>

<P><STRONG><a name="[41]"></a>button_get</STRONG> (Thumb, 32 bytes, Stack size 16 bytes, button.o(i.button_get))
<BR><BR>[Stack]<UL><LI>Max Depth = 16<LI>Call Chain = button_get
</UL>
<BR>[Calls]<UL><LI><a href="#[8d]">&gt;&gt;</a>&nbsp;&nbsp;&nbsp;gpio_input_bit_get
</UL>
<BR>[Address Reference Count : 1]<UL><LI> button.o(i.button_register)
</UL>
<P><STRONG><a name="[d4]"></a>button_register</STRONG> (Thumb, 40 bytes, Stack size 8 bytes, button.o(i.button_register))
<BR><BR>[Stack]<UL><LI>Max Depth = 72<LI>Call Chain = button_register &rArr; register_dev_obj &rArr; init_dev_obj &rArr; SramMalloc &rArr; InitHeap
</UL>
<BR>[Calls]<UL><LI><a href="#[96]">&gt;&gt;</a>&nbsp;&nbsp;&nbsp;SramMalloc
<LI><a href="#[d0]">&gt;&gt;</a>&nbsp;&nbsp;&nbsp;register_dev_obj
</UL>
<BR>[Called By]<UL><LI><a href="#[d5]">&gt;&gt;</a>&nbsp;&nbsp;&nbsp;device_init
</UL>

<P><STRONG><a name="[d5]"></a>device_init</STRONG> (Thumb, 214 bytes, Stack size 48 bytes, device.o(i.device_init))
<BR><BR>[Stack]<UL><LI>Max Depth = 120<LI>Call Chain = device_init &rArr; signal_register &rArr; register_dev_obj &rArr; init_dev_obj &rArr; SramMalloc &rArr; InitHeap
</UL>
<BR>[Calls]<UL><LI><a href="#[d8]">&gt;&gt;</a>&nbsp;&nbsp;&nbsp;signal_register
<LI><a href="#[d7]">&gt;&gt;</a>&nbsp;&nbsp;&nbsp;servo_register
<LI><a href="#[db]">&gt;&gt;</a>&nbsp;&nbsp;&nbsp;rtc_register
<LI><a href="#[d9]">&gt;&gt;</a>&nbsp;&nbsp;&nbsp;power_register
<LI><a href="#[da]">&gt;&gt;</a>&nbsp;&nbsp;&nbsp;mpu6050_dmp_register
<LI><a href="#[d6]">&gt;&gt;</a>&nbsp;&nbsp;&nbsp;led_register
<LI><a href="#[dc]">&gt;&gt;</a>&nbsp;&nbsp;&nbsp;iwdg_register
<LI><a href="#[dd]">&gt;&gt;</a>&nbsp;&nbsp;&nbsp;flash_rrgister
<LI><a href="#[d4]">&gt;&gt;</a>&nbsp;&nbsp;&nbsp;button_register
<LI><a href="#[cf]">&gt;&gt;</a>&nbsp;&nbsp;&nbsp;bluetooth_register
<LI><a href="#[8f]">&gt;&gt;</a>&nbsp;&nbsp;&nbsp;get_device
</UL>
<BR>[Called By]<UL><LI><a href="#[36]">&gt;&gt;</a>&nbsp;&nbsp;&nbsp;main
</UL>

<P><STRONG><a name="[de]"></a>dma_channel_enable</STRONG> (Thumb, 50 bytes, Stack size 16 bytes, gd32f10x_dma.o(i.dma_channel_enable))
<BR><BR>[Stack]<UL><LI>Max Depth = 16<LI>Call Chain = dma_channel_enable
</UL>
<BR>[Calls]<UL><LI><a href="#[df]">&gt;&gt;</a>&nbsp;&nbsp;&nbsp;dma_periph_and_channel_check
</UL>
<BR>[Called By]<UL><LI><a href="#[e1]">&gt;&gt;</a>&nbsp;&nbsp;&nbsp;dma_config
</UL>

<P><STRONG><a name="[e0]"></a>dma_circulation_enable</STRONG> (Thumb, 50 bytes, Stack size 16 bytes, gd32f10x_dma.o(i.dma_circulation_enable))
<BR><BR>[Stack]<UL><LI>Max Depth = 16<LI>Call Chain = dma_circulation_enable
</UL>
<BR>[Calls]<UL><LI><a href="#[df]">&gt;&gt;</a>&nbsp;&nbsp;&nbsp;dma_periph_and_channel_check
</UL>
<BR>[Called By]<UL><LI><a href="#[e1]">&gt;&gt;</a>&nbsp;&nbsp;&nbsp;dma_config
</UL>

<P><STRONG><a name="[e2]"></a>dma_deinit</STRONG> (Thumb, 112 bytes, Stack size 16 bytes, gd32f10x_dma.o(i.dma_deinit))
<BR><BR>[Stack]<UL><LI>Max Depth = 16<LI>Call Chain = dma_deinit
</UL>
<BR>[Calls]<UL><LI><a href="#[df]">&gt;&gt;</a>&nbsp;&nbsp;&nbsp;dma_periph_and_channel_check
</UL>
<BR>[Called By]<UL><LI><a href="#[e1]">&gt;&gt;</a>&nbsp;&nbsp;&nbsp;dma_config
</UL>

<P><STRONG><a name="[e4]"></a>dma_init</STRONG> (Thumb, 308 bytes, Stack size 32 bytes, gd32f10x_dma.o(i.dma_init))
<BR><BR>[Stack]<UL><LI>Max Depth = 32<LI>Call Chain = dma_init
</UL>
<BR>[Calls]<UL><LI><a href="#[df]">&gt;&gt;</a>&nbsp;&nbsp;&nbsp;dma_periph_and_channel_check
</UL>
<BR>[Called By]<UL><LI><a href="#[e1]">&gt;&gt;</a>&nbsp;&nbsp;&nbsp;dma_config
</UL>

<P><STRONG><a name="[e5]"></a>dmp_enable_6x_lp_quat</STRONG> (Thumb, 60 bytes, Stack size 16 bytes, mpu6050_dmp.o(i.dmp_enable_6x_lp_quat))
<BR><BR>[Stack]<UL><LI>Max Depth = 76<LI>Call Chain = dmp_enable_6x_lp_quat &rArr; mpu_write_mem &rArr; mpu6050_dmp_iic_write &rArr; i2c_flag_get
</UL>
<BR>[Calls]<UL><LI><a href="#[e6]">&gt;&gt;</a>&nbsp;&nbsp;&nbsp;mpu_write_mem
<LI><a href="#[e7]">&gt;&gt;</a>&nbsp;&nbsp;&nbsp;mpu_reset_fifo
<LI><a href="#[68]">&gt;&gt;</a>&nbsp;&nbsp;&nbsp;__aeabi_memset
</UL>
<BR>[Called By]<UL><LI><a href="#[e8]">&gt;&gt;</a>&nbsp;&nbsp;&nbsp;dmp_enable_feature
</UL>

<P><STRONG><a name="[e8]"></a>dmp_enable_feature</STRONG> (Thumb, 530 bytes, Stack size 24 bytes, mpu6050_dmp.o(i.dmp_enable_feature))
<BR><BR>[Stack]<UL><LI>Max Depth = 124<LI>Call Chain = dmp_enable_feature &rArr; dmp_set_tap_thresh &rArr; mpu_write_mem &rArr; mpu6050_dmp_iic_write &rArr; i2c_flag_get
</UL>
<BR>[Calls]<UL><LI><a href="#[e6]">&gt;&gt;</a>&nbsp;&nbsp;&nbsp;mpu_write_mem
<LI><a href="#[e7]">&gt;&gt;</a>&nbsp;&nbsp;&nbsp;mpu_reset_fifo
<LI><a href="#[ee]">&gt;&gt;</a>&nbsp;&nbsp;&nbsp;dmp_set_tap_time_multi
<LI><a href="#[ed]">&gt;&gt;</a>&nbsp;&nbsp;&nbsp;dmp_set_tap_time
<LI><a href="#[ea]">&gt;&gt;</a>&nbsp;&nbsp;&nbsp;dmp_set_tap_thresh
<LI><a href="#[ec]">&gt;&gt;</a>&nbsp;&nbsp;&nbsp;dmp_set_tap_count
<LI><a href="#[eb]">&gt;&gt;</a>&nbsp;&nbsp;&nbsp;dmp_set_tap_axes
<LI><a href="#[f1]">&gt;&gt;</a>&nbsp;&nbsp;&nbsp;dmp_set_shake_reject_timeout
<LI><a href="#[f0]">&gt;&gt;</a>&nbsp;&nbsp;&nbsp;dmp_set_shake_reject_time
<LI><a href="#[ef]">&gt;&gt;</a>&nbsp;&nbsp;&nbsp;dmp_set_shake_reject_thresh
<LI><a href="#[f2]">&gt;&gt;</a>&nbsp;&nbsp;&nbsp;dmp_enable_lp_quat
<LI><a href="#[e9]">&gt;&gt;</a>&nbsp;&nbsp;&nbsp;dmp_enable_gyro_cal
<LI><a href="#[e5]">&gt;&gt;</a>&nbsp;&nbsp;&nbsp;dmp_enable_6x_lp_quat
</UL>
<BR>[Called By]<UL><LI><a href="#[49]">&gt;&gt;</a>&nbsp;&nbsp;&nbsp;mpu6050_dmp_init
</UL>

<P><STRONG><a name="[e9]"></a>dmp_enable_gyro_cal</STRONG> (Thumb, 62 bytes, Stack size 24 bytes, mpu6050_dmp.o(i.dmp_enable_gyro_cal))
<BR><BR>[Stack]<UL><LI>Max Depth = 84<LI>Call Chain = dmp_enable_gyro_cal &rArr; mpu_write_mem &rArr; mpu6050_dmp_iic_write &rArr; i2c_flag_get
</UL>
<BR>[Calls]<UL><LI><a href="#[e6]">&gt;&gt;</a>&nbsp;&nbsp;&nbsp;mpu_write_mem
</UL>
<BR>[Called By]<UL><LI><a href="#[e8]">&gt;&gt;</a>&nbsp;&nbsp;&nbsp;dmp_enable_feature
</UL>

<P><STRONG><a name="[f2]"></a>dmp_enable_lp_quat</STRONG> (Thumb, 60 bytes, Stack size 16 bytes, mpu6050_dmp.o(i.dmp_enable_lp_quat))
<BR><BR>[Stack]<UL><LI>Max Depth = 76<LI>Call Chain = dmp_enable_lp_quat &rArr; mpu_write_mem &rArr; mpu6050_dmp_iic_write &rArr; i2c_flag_get
</UL>
<BR>[Calls]<UL><LI><a href="#[e6]">&gt;&gt;</a>&nbsp;&nbsp;&nbsp;mpu_write_mem
<LI><a href="#[e7]">&gt;&gt;</a>&nbsp;&nbsp;&nbsp;mpu_reset_fifo
<LI><a href="#[68]">&gt;&gt;</a>&nbsp;&nbsp;&nbsp;__aeabi_memset
</UL>
<BR>[Called By]<UL><LI><a href="#[e8]">&gt;&gt;</a>&nbsp;&nbsp;&nbsp;dmp_enable_feature
</UL>

<P><STRONG><a name="[f3]"></a>dmp_load_motion_driver_firmware</STRONG> (Thumb, 20 bytes, Stack size 8 bytes, mpu6050_dmp.o(i.dmp_load_motion_driver_firmware))
<BR><BR>[Stack]<UL><LI>Max Depth = 116<LI>Call Chain = dmp_load_motion_driver_firmware &rArr; mpu_load_firmware &rArr; mpu_write_mem &rArr; mpu6050_dmp_iic_write &rArr; i2c_flag_get
</UL>
<BR>[Calls]<UL><LI><a href="#[f4]">&gt;&gt;</a>&nbsp;&nbsp;&nbsp;mpu_load_firmware
</UL>
<BR>[Called By]<UL><LI><a href="#[49]">&gt;&gt;</a>&nbsp;&nbsp;&nbsp;mpu6050_dmp_init
</UL>

<P><STRONG><a name="[f5]"></a>dmp_read_fifo</STRONG> (Thumb, 450 bytes, Stack size 88 bytes, mpu6050_dmp.o(i.dmp_read_fifo))
<BR><BR>[Stack]<UL><LI>Max Depth = 156<LI>Call Chain = dmp_read_fifo &rArr; mpu_read_fifo_stream &rArr; mpu_reset_fifo &rArr; mpu6050_dmp_iic_write &rArr; i2c_flag_get
</UL>
<BR>[Calls]<UL><LI><a href="#[e7]">&gt;&gt;</a>&nbsp;&nbsp;&nbsp;mpu_reset_fifo
<LI><a href="#[f6]">&gt;&gt;</a>&nbsp;&nbsp;&nbsp;mpu_read_fifo_stream
<LI><a href="#[f7]">&gt;&gt;</a>&nbsp;&nbsp;&nbsp;decode_gesture
</UL>
<BR>[Called By]<UL><LI><a href="#[4a]">&gt;&gt;</a>&nbsp;&nbsp;&nbsp;mpu6050_dmp_get_pry
</UL>

<P><STRONG><a name="[f8]"></a>dmp_set_accel_bias</STRONG> (Thumb, 300 bytes, Stack size 48 bytes, mpu6050_dmp.o(i.dmp_set_accel_bias))
<BR><BR>[Stack]<UL><LI>Max Depth = 108<LI>Call Chain = dmp_set_accel_bias &rArr; mpu_write_mem &rArr; mpu6050_dmp_iic_write &rArr; i2c_flag_get
</UL>
<BR>[Calls]<UL><LI><a href="#[e6]">&gt;&gt;</a>&nbsp;&nbsp;&nbsp;mpu_write_mem
<LI><a href="#[f9]">&gt;&gt;</a>&nbsp;&nbsp;&nbsp;mpu_get_accel_sens
</UL>
<BR>[Called By]<UL><LI><a href="#[131]">&gt;&gt;</a>&nbsp;&nbsp;&nbsp;run_self_test
</UL>

<P><STRONG><a name="[fa]"></a>dmp_set_fifo_rate</STRONG> (Thumb, 96 bytes, Stack size 32 bytes, mpu6050_dmp.o(i.dmp_set_fifo_rate))
<BR><BR>[Stack]<UL><LI>Max Depth = 92<LI>Call Chain = dmp_set_fifo_rate &rArr; mpu_write_mem &rArr; mpu6050_dmp_iic_write &rArr; i2c_flag_get
</UL>
<BR>[Calls]<UL><LI><a href="#[e6]">&gt;&gt;</a>&nbsp;&nbsp;&nbsp;mpu_write_mem
</UL>
<BR>[Called By]<UL><LI><a href="#[49]">&gt;&gt;</a>&nbsp;&nbsp;&nbsp;mpu6050_dmp_init
</UL>

<P><STRONG><a name="[fb]"></a>dmp_set_gyro_bias</STRONG> (Thumb, 294 bytes, Stack size 24 bytes, mpu6050_dmp.o(i.dmp_set_gyro_bias))
<BR><BR>[Stack]<UL><LI>Max Depth = 84<LI>Call Chain = dmp_set_gyro_bias &rArr; mpu_write_mem &rArr; mpu6050_dmp_iic_write &rArr; i2c_flag_get
</UL>
<BR>[Calls]<UL><LI><a href="#[e6]">&gt;&gt;</a>&nbsp;&nbsp;&nbsp;mpu_write_mem
</UL>
<BR>[Called By]<UL><LI><a href="#[131]">&gt;&gt;</a>&nbsp;&nbsp;&nbsp;run_self_test
</UL>

<P><STRONG><a name="[fc]"></a>dmp_set_orientation</STRONG> (Thumb, 290 bytes, Stack size 32 bytes, mpu6050_dmp.o(i.dmp_set_orientation))
<BR><BR>[Stack]<UL><LI>Max Depth = 92<LI>Call Chain = dmp_set_orientation &rArr; mpu_write_mem &rArr; mpu6050_dmp_iic_write &rArr; i2c_flag_get
</UL>
<BR>[Calls]<UL><LI><a href="#[e6]">&gt;&gt;</a>&nbsp;&nbsp;&nbsp;mpu_write_mem
</UL>
<BR>[Called By]<UL><LI><a href="#[49]">&gt;&gt;</a>&nbsp;&nbsp;&nbsp;mpu6050_dmp_init
</UL>

<P><STRONG><a name="[ef]"></a>dmp_set_shake_reject_thresh</STRONG> (Thumb, 56 bytes, Stack size 24 bytes, mpu6050_dmp.o(i.dmp_set_shake_reject_thresh))
<BR><BR>[Stack]<UL><LI>Max Depth = 84<LI>Call Chain = dmp_set_shake_reject_thresh &rArr; mpu_write_mem &rArr; mpu6050_dmp_iic_write &rArr; i2c_flag_get
</UL>
<BR>[Calls]<UL><LI><a href="#[e6]">&gt;&gt;</a>&nbsp;&nbsp;&nbsp;mpu_write_mem
</UL>
<BR>[Called By]<UL><LI><a href="#[e8]">&gt;&gt;</a>&nbsp;&nbsp;&nbsp;dmp_enable_feature
</UL>

<P><STRONG><a name="[f0]"></a>dmp_set_shake_reject_time</STRONG> (Thumb, 38 bytes, Stack size 16 bytes, mpu6050_dmp.o(i.dmp_set_shake_reject_time))
<BR><BR>[Stack]<UL><LI>Max Depth = 76<LI>Call Chain = dmp_set_shake_reject_time &rArr; mpu_write_mem &rArr; mpu6050_dmp_iic_write &rArr; i2c_flag_get
</UL>
<BR>[Calls]<UL><LI><a href="#[e6]">&gt;&gt;</a>&nbsp;&nbsp;&nbsp;mpu_write_mem
</UL>
<BR>[Called By]<UL><LI><a href="#[e8]">&gt;&gt;</a>&nbsp;&nbsp;&nbsp;dmp_enable_feature
</UL>

<P><STRONG><a name="[f1]"></a>dmp_set_shake_reject_timeout</STRONG> (Thumb, 38 bytes, Stack size 16 bytes, mpu6050_dmp.o(i.dmp_set_shake_reject_timeout))
<BR><BR>[Stack]<UL><LI>Max Depth = 76<LI>Call Chain = dmp_set_shake_reject_timeout &rArr; mpu_write_mem &rArr; mpu6050_dmp_iic_write &rArr; i2c_flag_get
</UL>
<BR>[Calls]<UL><LI><a href="#[e6]">&gt;&gt;</a>&nbsp;&nbsp;&nbsp;mpu_write_mem
</UL>
<BR>[Called By]<UL><LI><a href="#[e8]">&gt;&gt;</a>&nbsp;&nbsp;&nbsp;dmp_enable_feature
</UL>

<P><STRONG><a name="[eb]"></a>dmp_set_tap_axes</STRONG> (Thumb, 70 bytes, Stack size 16 bytes, mpu6050_dmp.o(i.dmp_set_tap_axes))
<BR><BR>[Stack]<UL><LI>Max Depth = 76<LI>Call Chain = dmp_set_tap_axes &rArr; mpu_write_mem &rArr; mpu6050_dmp_iic_write &rArr; i2c_flag_get
</UL>
<BR>[Calls]<UL><LI><a href="#[e6]">&gt;&gt;</a>&nbsp;&nbsp;&nbsp;mpu_write_mem
</UL>
<BR>[Called By]<UL><LI><a href="#[e8]">&gt;&gt;</a>&nbsp;&nbsp;&nbsp;dmp_enable_feature
</UL>

<P><STRONG><a name="[ec]"></a>dmp_set_tap_count</STRONG> (Thumb, 38 bytes, Stack size 16 bytes, mpu6050_dmp.o(i.dmp_set_tap_count))
<BR><BR>[Stack]<UL><LI>Max Depth = 76<LI>Call Chain = dmp_set_tap_count &rArr; mpu_write_mem &rArr; mpu6050_dmp_iic_write &rArr; i2c_flag_get
</UL>
<BR>[Calls]<UL><LI><a href="#[e6]">&gt;&gt;</a>&nbsp;&nbsp;&nbsp;mpu_write_mem
</UL>
<BR>[Called By]<UL><LI><a href="#[e8]">&gt;&gt;</a>&nbsp;&nbsp;&nbsp;dmp_enable_feature
</UL>

<P><STRONG><a name="[ea]"></a>dmp_set_tap_thresh</STRONG> (Thumb, 396 bytes, Stack size 40 bytes, mpu6050_dmp.o(i.dmp_set_tap_thresh))
<BR><BR>[Stack]<UL><LI>Max Depth = 100<LI>Call Chain = dmp_set_tap_thresh &rArr; mpu_write_mem &rArr; mpu6050_dmp_iic_write &rArr; i2c_flag_get
</UL>
<BR>[Calls]<UL><LI><a href="#[73]">&gt;&gt;</a>&nbsp;&nbsp;&nbsp;__aeabi_ui2f
<LI><a href="#[fe]">&gt;&gt;</a>&nbsp;&nbsp;&nbsp;__aeabi_fmul
<LI><a href="#[6f]">&gt;&gt;</a>&nbsp;&nbsp;&nbsp;__aeabi_fdiv
<LI><a href="#[ff]">&gt;&gt;</a>&nbsp;&nbsp;&nbsp;__aeabi_f2uiz
<LI><a href="#[e6]">&gt;&gt;</a>&nbsp;&nbsp;&nbsp;mpu_write_mem
<LI><a href="#[fd]">&gt;&gt;</a>&nbsp;&nbsp;&nbsp;mpu_get_accel_fsr
</UL>
<BR>[Called By]<UL><LI><a href="#[e8]">&gt;&gt;</a>&nbsp;&nbsp;&nbsp;dmp_enable_feature
</UL>

<P><STRONG><a name="[ed]"></a>dmp_set_tap_time</STRONG> (Thumb, 38 bytes, Stack size 16 bytes, mpu6050_dmp.o(i.dmp_set_tap_time))
<BR><BR>[Stack]<UL><LI>Max Depth = 76<LI>Call Chain = dmp_set_tap_time &rArr; mpu_write_mem &rArr; mpu6050_dmp_iic_write &rArr; i2c_flag_get
</UL>
<BR>[Calls]<UL><LI><a href="#[e6]">&gt;&gt;</a>&nbsp;&nbsp;&nbsp;mpu_write_mem
</UL>
<BR>[Called By]<UL><LI><a href="#[e8]">&gt;&gt;</a>&nbsp;&nbsp;&nbsp;dmp_enable_feature
</UL>

<P><STRONG><a name="[ee]"></a>dmp_set_tap_time_multi</STRONG> (Thumb, 38 bytes, Stack size 16 bytes, mpu6050_dmp.o(i.dmp_set_tap_time_multi))
<BR><BR>[Stack]<UL><LI>Max Depth = 76<LI>Call Chain = dmp_set_tap_time_multi &rArr; mpu_write_mem &rArr; mpu6050_dmp_iic_write &rArr; i2c_flag_get
</UL>
<BR>[Calls]<UL><LI><a href="#[e6]">&gt;&gt;</a>&nbsp;&nbsp;&nbsp;mpu_write_mem
</UL>
<BR>[Called By]<UL><LI><a href="#[e8]">&gt;&gt;</a>&nbsp;&nbsp;&nbsp;dmp_enable_feature
</UL>

<P><STRONG><a name="[101]"></a>exti_init</STRONG> (Thumb, 178 bytes, Stack size 8 bytes, gd32f10x_exti.o(i.exti_init))
<BR><BR>[Stack]<UL><LI>Max Depth = 8<LI>Call Chain = exti_init
</UL>
<BR>[Called By]<UL><LI><a href="#[14f]">&gt;&gt;</a>&nbsp;&nbsp;&nbsp;servo_signal_init
<LI><a href="#[13f]">&gt;&gt;</a>&nbsp;&nbsp;&nbsp;nvic_configuration
<LI><a href="#[d3]">&gt;&gt;</a>&nbsp;&nbsp;&nbsp;exti_config
</UL>

<P><STRONG><a name="[8b]"></a>exti_interrupt_flag_clear</STRONG> (Thumb, 6 bytes, Stack size 0 bytes, gd32f10x_exti.o(i.exti_interrupt_flag_clear))
<BR><BR>[Called By]<UL><LI><a href="#[11]">&gt;&gt;</a>&nbsp;&nbsp;&nbsp;EXTI1_IRQHandler
<LI><a href="#[32]">&gt;&gt;</a>&nbsp;&nbsp;&nbsp;EXTI10_15_IRQHandler
<LI><a href="#[10]">&gt;&gt;</a>&nbsp;&nbsp;&nbsp;EXTI0_IRQHandler
<LI><a href="#[14f]">&gt;&gt;</a>&nbsp;&nbsp;&nbsp;servo_signal_init
<LI><a href="#[33]">&gt;&gt;</a>&nbsp;&nbsp;&nbsp;RTC_Alarm_IRQHandler
<LI><a href="#[d3]">&gt;&gt;</a>&nbsp;&nbsp;&nbsp;exti_config
</UL>

<P><STRONG><a name="[8a]"></a>exti_interrupt_flag_get</STRONG> (Thumb, 32 bytes, Stack size 0 bytes, gd32f10x_exti.o(i.exti_interrupt_flag_get))
<BR><BR>[Called By]<UL><LI><a href="#[11]">&gt;&gt;</a>&nbsp;&nbsp;&nbsp;EXTI1_IRQHandler
<LI><a href="#[32]">&gt;&gt;</a>&nbsp;&nbsp;&nbsp;EXTI10_15_IRQHandler
<LI><a href="#[10]">&gt;&gt;</a>&nbsp;&nbsp;&nbsp;EXTI0_IRQHandler
</UL>

<P><STRONG><a name="[dd]"></a>flash_rrgister</STRONG> (Thumb, 32 bytes, Stack size 8 bytes, flash.o(i.flash_rrgister))
<BR><BR>[Stack]<UL><LI>Max Depth = 72<LI>Call Chain = flash_rrgister &rArr; register_dev_obj &rArr; init_dev_obj &rArr; SramMalloc &rArr; InitHeap
</UL>
<BR>[Calls]<UL><LI><a href="#[96]">&gt;&gt;</a>&nbsp;&nbsp;&nbsp;SramMalloc
<LI><a href="#[d0]">&gt;&gt;</a>&nbsp;&nbsp;&nbsp;register_dev_obj
</UL>
<BR>[Called By]<UL><LI><a href="#[d5]">&gt;&gt;</a>&nbsp;&nbsp;&nbsp;device_init
</UL>

<P><STRONG><a name="[107]"></a>fmc_bank0_ready_wait</STRONG> (Thumb, 34 bytes, Stack size 4 bytes, gd32f10x_fmc.o(i.fmc_bank0_ready_wait))
<BR><BR>[Stack]<UL><LI>Max Depth = 4<LI>Call Chain = fmc_bank0_ready_wait
</UL>
<BR>[Calls]<UL><LI><a href="#[108]">&gt;&gt;</a>&nbsp;&nbsp;&nbsp;fmc_bank0_state_get
</UL>
<BR>[Called By]<UL><LI><a href="#[105]">&gt;&gt;</a>&nbsp;&nbsp;&nbsp;fmc_word_program
<LI><a href="#[104]">&gt;&gt;</a>&nbsp;&nbsp;&nbsp;fmc_page_erase
</UL>

<P><STRONG><a name="[108]"></a>fmc_bank0_state_get</STRONG> (Thumb, 44 bytes, Stack size 0 bytes, gd32f10x_fmc.o(i.fmc_bank0_state_get))
<BR><BR>[Called By]<UL><LI><a href="#[107]">&gt;&gt;</a>&nbsp;&nbsp;&nbsp;fmc_bank0_ready_wait
</UL>

<P><STRONG><a name="[109]"></a>fmc_bank1_ready_wait</STRONG> (Thumb, 34 bytes, Stack size 4 bytes, gd32f10x_fmc.o(i.fmc_bank1_ready_wait))
<BR><BR>[Stack]<UL><LI>Max Depth = 4<LI>Call Chain = fmc_bank1_ready_wait
</UL>
<BR>[Calls]<UL><LI><a href="#[10a]">&gt;&gt;</a>&nbsp;&nbsp;&nbsp;fmc_bank1_state_get
</UL>
<BR>[Called By]<UL><LI><a href="#[105]">&gt;&gt;</a>&nbsp;&nbsp;&nbsp;fmc_word_program
<LI><a href="#[104]">&gt;&gt;</a>&nbsp;&nbsp;&nbsp;fmc_page_erase
</UL>

<P><STRONG><a name="[10a]"></a>fmc_bank1_state_get</STRONG> (Thumb, 44 bytes, Stack size 0 bytes, gd32f10x_fmc.o(i.fmc_bank1_state_get))
<BR><BR>[Called By]<UL><LI><a href="#[109]">&gt;&gt;</a>&nbsp;&nbsp;&nbsp;fmc_bank1_ready_wait
</UL>

<P><STRONG><a name="[106]"></a>fmc_lock</STRONG> (Thumb, 34 bytes, Stack size 0 bytes, gd32f10x_fmc.o(i.fmc_lock))
<BR><BR>[Called By]<UL><LI><a href="#[43]">&gt;&gt;</a>&nbsp;&nbsp;&nbsp;flash_write
</UL>

<P><STRONG><a name="[104]"></a>fmc_page_erase</STRONG> (Thumb, 222 bytes, Stack size 12 bytes, gd32f10x_fmc.o(i.fmc_page_erase))
<BR><BR>[Stack]<UL><LI>Max Depth = 16<LI>Call Chain = fmc_page_erase &rArr; fmc_bank1_ready_wait
</UL>
<BR>[Calls]<UL><LI><a href="#[109]">&gt;&gt;</a>&nbsp;&nbsp;&nbsp;fmc_bank1_ready_wait
<LI><a href="#[107]">&gt;&gt;</a>&nbsp;&nbsp;&nbsp;fmc_bank0_ready_wait
</UL>
<BR>[Called By]<UL><LI><a href="#[43]">&gt;&gt;</a>&nbsp;&nbsp;&nbsp;flash_write
</UL>

<P><STRONG><a name="[103]"></a>fmc_unlock</STRONG> (Thumb, 52 bytes, Stack size 0 bytes, gd32f10x_fmc.o(i.fmc_unlock))
<BR><BR>[Called By]<UL><LI><a href="#[43]">&gt;&gt;</a>&nbsp;&nbsp;&nbsp;flash_write
</UL>

<P><STRONG><a name="[105]"></a>fmc_word_program</STRONG> (Thumb, 178 bytes, Stack size 16 bytes, gd32f10x_fmc.o(i.fmc_word_program))
<BR><BR>[Stack]<UL><LI>Max Depth = 20<LI>Call Chain = fmc_word_program &rArr; fmc_bank1_ready_wait
</UL>
<BR>[Calls]<UL><LI><a href="#[109]">&gt;&gt;</a>&nbsp;&nbsp;&nbsp;fmc_bank1_ready_wait
<LI><a href="#[107]">&gt;&gt;</a>&nbsp;&nbsp;&nbsp;fmc_bank0_ready_wait
</UL>
<BR>[Called By]<UL><LI><a href="#[43]">&gt;&gt;</a>&nbsp;&nbsp;&nbsp;flash_write
</UL>

<P><STRONG><a name="[39]"></a>fputc</STRONG> (Thumb, 32 bytes, Stack size 16 bytes, bluetooth.o(i.fputc))
<BR><BR>[Stack]<UL><LI>Max Depth = 24<LI>Call Chain = fputc &rArr; usart_flag_get
</UL>
<BR>[Calls]<UL><LI><a href="#[10b]">&gt;&gt;</a>&nbsp;&nbsp;&nbsp;usart_flag_get
<LI><a href="#[a0]">&gt;&gt;</a>&nbsp;&nbsp;&nbsp;usart_data_transmit
</UL>
<BR>[Address Reference Count : 1]<UL><LI> printf1.o(i.__0printf$1)
</UL>
<P><STRONG><a name="[126]"></a>fwdgt_config</STRONG> (Thumb, 94 bytes, Stack size 12 bytes, gd32f10x_fwdgt.o(i.fwdgt_config))
<BR><BR>[Stack]<UL><LI>Max Depth = 12<LI>Call Chain = fwdgt_config
</UL>
<BR>[Called By]<UL><LI><a href="#[45]">&gt;&gt;</a>&nbsp;&nbsp;&nbsp;iwdg_init
</UL>

<P><STRONG><a name="[12a]"></a>fwdgt_counter_reload</STRONG> (Thumb, 10 bytes, Stack size 0 bytes, gd32f10x_fwdgt.o(i.fwdgt_counter_reload))
<BR><BR>[Called By]<UL><LI><a href="#[46]">&gt;&gt;</a>&nbsp;&nbsp;&nbsp;iwdg_reload
</UL>

<P><STRONG><a name="[127]"></a>fwdgt_enable</STRONG> (Thumb, 10 bytes, Stack size 0 bytes, gd32f10x_fwdgt.o(i.fwdgt_enable))
<BR><BR>[Called By]<UL><LI><a href="#[45]">&gt;&gt;</a>&nbsp;&nbsp;&nbsp;iwdg_init
</UL>

<P><STRONG><a name="[8f]"></a>get_device</STRONG> (Thumb, 36 bytes, Stack size 16 bytes, dev_obj.o(i.get_device))
<BR><BR>[Stack]<UL><LI>Max Depth = 24<LI>Call Chain = get_device &rArr; strcmp
</UL>
[...]
<BR><BR>[Stack]<UL><LI>Max Depth = 28<LI>Call Chain = adc_config &rArr; adc_regular_channel_config
</UL>
<BR>[Calls]<UL><LI><a href="#[ba]">&gt;&gt;</a>&nbsp;&nbsp;&nbsp;sdelay_ms
<LI><a href="#[b7]">&gt;&gt;</a>&nbsp;&nbsp;&nbsp;adc_regular_channel_config
<LI><a href="#[b5]">&gt;&gt;</a>&nbsp;&nbsp;&nbsp;adc_mode_config
<LI><a href="#[b2]">&gt;&gt;</a>&nbsp;&nbsp;&nbsp;adc_external_trigger_source_config
<LI><a href="#[b3]">&gt;&gt;</a>&nbsp;&nbsp;&nbsp;adc_external_trigger_config
<LI><a href="#[b9]">&gt;&gt;</a>&nbsp;&nbsp;&nbsp;adc_enable
<LI><a href="#[bc]">&gt;&gt;</a>&nbsp;&nbsp;&nbsp;adc_dma_mode_enable
<LI><a href="#[b8]">&gt;&gt;</a>&nbsp;&nbsp;&nbsp;adc_discontinuous_mode_config
<LI><a href="#[b4]">&gt;&gt;</a>&nbsp;&nbsp;&nbsp;adc_data_alignment_config
<LI><a href="#[b6]">&gt;&gt;</a>&nbsp;&nbsp;&nbsp;adc_channel_length_config
<LI><a href="#[bb]">&gt;&gt;</a>&nbsp;&nbsp;&nbsp;adc_calibration_enable
</UL>
<BR>[Called By]<UL><LI><a href="#[4c]">&gt;&gt;</a>&nbsp;&nbsp;&nbsp;power_init
</UL>

<P><STRONG><a name="[e1]"></a>dma_config</STRONG> (Thumb, 96 bytes, Stack size 56 bytes, power.o(i.dma_config))
<BR><BR>[Stack]<UL><LI>Max Depth = 88<LI>Call Chain = dma_config &rArr; dma_init
</UL>
<BR>[Calls]<UL><LI><a href="#[e4]">&gt;&gt;</a>&nbsp;&nbsp;&nbsp;dma_init
<LI><a href="#[e2]">&gt;&gt;</a>&nbsp;&nbsp;&nbsp;dma_deinit
<LI><a href="#[e0]">&gt;&gt;</a>&nbsp;&nbsp;&nbsp;dma_circulation_enable
<LI><a href="#[de]">&gt;&gt;</a>&nbsp;&nbsp;&nbsp;dma_channel_enable
<LI><a href="#[e3]">&gt;&gt;</a>&nbsp;&nbsp;&nbsp;__aeabi_memcpy4
</UL>
<BR>[Called By]<UL><LI><a href="#[4c]">&gt;&gt;</a>&nbsp;&nbsp;&nbsp;power_init
</UL>

<P><STRONG><a name="[10e]"></a>gpio_config</STRONG> (Thumb, 40 bytes, Stack size 8 bytes, power.o(i.gpio_config))
<BR><BR>[Stack]<UL><LI>Max Depth = 28<LI>Call Chain = gpio_config &rArr; gpio_init
</UL>
<BR>[Calls]<UL><LI><a href="#[c8]">&gt;&gt;</a>&nbsp;&nbsp;&nbsp;gpio_init
</UL>
<BR>[Called By]<UL><LI><a href="#[4c]">&gt;&gt;</a>&nbsp;&nbsp;&nbsp;power_init
</UL>

<P><STRONG><a name="[4c]"></a>power_init</STRONG> (Thumb, 28 bytes, Stack size 8 bytes, power.o(i.power_init))
<BR><BR>[Stack]<UL><LI>Max Depth = 96<LI>Call Chain = power_init &rArr; dma_config &rArr; dma_init
</UL>
<BR>[Calls]<UL><LI><a href="#[10e]">&gt;&gt;</a>&nbsp;&nbsp;&nbsp;gpio_config
<LI><a href="#[e1]">&gt;&gt;</a>&nbsp;&nbsp;&nbsp;dma_config
<LI><a href="#[b1]">&gt;&gt;</a>&nbsp;&nbsp;&nbsp;adc_config
<LI><a href="#[141]">&gt;&gt;</a>&nbsp;&nbsp;&nbsp;rcu_config
</UL>
<BR>[Address Reference Count : 1]<UL><LI> power.o(i.power_register)
</UL>
<P><STRONG><a name="[4e]"></a>power_power_off</STRONG> (Thumb, 12 bytes, Stack size 0 bytes, power.o(i.power_power_off))
<BR>[Address Reference Count : 1]<UL><LI> power.o(i.power_register)
</UL>
<P><STRONG><a name="[4f]"></a>power_power_on</STRONG> (Thumb, 12 bytes, Stack size 0 bytes, power.o(i.power_power_on))
<BR>[Address Reference Count : 1]<UL><LI> power.o(i.power_register)
</UL>
<P><STRONG><a name="[141]"></a>rcu_config</STRONG> (Thumb, 42 bytes, Stack size 8 bytes, power.o(i.rcu_config))
<BR><BR>[Stack]<UL><LI>Max Depth = 8<LI>Call Chain = rcu_config
</UL>
<BR>[Calls]<UL><LI><a href="#[c7]">&gt;&gt;</a>&nbsp;&nbsp;&nbsp;rcu_periph_clock_enable
<LI><a href="#[142]">&gt;&gt;</a>&nbsp;&nbsp;&nbsp;rcu_adc_clock_config
</UL>
<BR>[Called By]<UL><LI><a href="#[4c]">&gt;&gt;</a>&nbsp;&nbsp;&nbsp;power_init
</UL>

<P><STRONG><a name="[aa]"></a>accel_self_test</STRONG> (Thumb, 186 bytes, Stack size 56 bytes, mpu6050_dmp.o(i.accel_self_test))
<BR><BR>[Stack]<UL><LI>Max Depth = 116<LI>Call Chain = accel_self_test &rArr; get_accel_prod_shift &rArr; mpu6050_dmp_iic_read &rArr; i2c_flag_get
</UL>
<BR>[Calls]<UL><LI><a href="#[72]">&gt;&gt;</a>&nbsp;&nbsp;&nbsp;__aeabi_i2f
<LI><a href="#[6d]">&gt;&gt;</a>&nbsp;&nbsp;&nbsp;__aeabi_fsub
<LI><a href="#[6f]">&gt;&gt;</a>&nbsp;&nbsp;&nbsp;__aeabi_fdiv
<LI><a href="#[ad]">&gt;&gt;</a>&nbsp;&nbsp;&nbsp;__aeabi_f2d
<LI><a href="#[b0]">&gt;&gt;</a>&nbsp;&nbsp;&nbsp;__aeabi_cfrcmple
<LI><a href="#[af]">&gt;&gt;</a>&nbsp;&nbsp;&nbsp;__aeabi_cfcmple
<LI><a href="#[ac]">&gt;&gt;</a>&nbsp;&nbsp;&nbsp;__aeabi_cfcmpeq
<LI><a href="#[ae]">&gt;&gt;</a>&nbsp;&nbsp;&nbsp;__aeabi_cdrcmple
<LI><a href="#[ab]">&gt;&gt;</a>&nbsp;&nbsp;&nbsp;get_accel_prod_shift
</UL>
<BR>[Called By]<UL><LI><a href="#[138]">&gt;&gt;</a>&nbsp;&nbsp;&nbsp;mpu_run_self_test
</UL>

<P><STRONG><a name="[f7]"></a>decode_gesture</STRONG> (Thumb, 94 bytes, Stack size 24 bytes, mpu6050_dmp.o(i.decode_gesture))
<BR><BR>[Stack]<UL><LI>Max Depth = 24<LI>Call Chain = decode_gesture
</UL>
<BR>[Called By]<UL><LI><a href="#[f5]">&gt;&gt;</a>&nbsp;&nbsp;&nbsp;dmp_read_fifo
</UL>

<P><STRONG><a name="[ab]"></a>get_accel_prod_shift</STRONG> (Thumb, 168 bytes, Stack size 24 bytes, mpu6050_dmp.o(i.get_accel_prod_shift))
<BR><BR>[Stack]<UL><LI>Max Depth = 60<LI>Call Chain = get_accel_prod_shift &rArr; mpu6050_dmp_iic_read &rArr; i2c_flag_get
</UL>
<BR>[Calls]<UL><LI><a href="#[fe]">&gt;&gt;</a>&nbsp;&nbsp;&nbsp;__aeabi_fmul
<LI><a href="#[80]">&gt;&gt;</a>&nbsp;&nbsp;&nbsp;mpu6050_dmp_iic_read
</UL>
<BR>[Called By]<UL><LI><a href="#[aa]">&gt;&gt;</a>&nbsp;&nbsp;&nbsp;accel_self_test
</UL>

<P><STRONG><a name="[10d]"></a>get_st_biases</STRONG> (Thumb, 1134 bytes, Stack size 88 bytes, mpu6050_dmp.o(i.get_st_biases))
<BR><BR>[Stack]<UL><LI>Max Depth = 152<LI>Call Chain = get_st_biases &rArr; __aeabi_ldivmod &rArr; __aeabi_uldivmod
</UL>
<BR>[Calls]<UL><LI><a href="#[81]">&gt;&gt;</a>&nbsp;&nbsp;&nbsp;mpu6050_dmp_iic_write
<LI><a href="#[80]">&gt;&gt;</a>&nbsp;&nbsp;&nbsp;mpu6050_dmp_iic_read
<LI><a href="#[82]">&gt;&gt;</a>&nbsp;&nbsp;&nbsp;mpu6050_dmp_delay_ms
<LI><a href="#[65]">&gt;&gt;</a>&nbsp;&nbsp;&nbsp;__aeabi_ldivmod
</UL>
<BR>[Called By]<UL><LI><a href="#[138]">&gt;&gt;</a>&nbsp;&nbsp;&nbsp;mpu_run_self_test
</UL>

<P><STRONG><a name="[111]"></a>gyro_self_test</STRONG> (Thumb, 282 bytes, Stack size 56 bytes, mpu6050_dmp.o(i.gyro_self_test))
<BR><BR>[Stack]<UL><LI>Max Depth = 92<LI>Call Chain = gyro_self_test &rArr; mpu6050_dmp_iic_read &rArr; i2c_flag_get
</UL>
<BR>[Calls]<UL><LI><a href="#[73]">&gt;&gt;</a>&nbsp;&nbsp;&nbsp;__aeabi_ui2f
<LI><a href="#[72]">&gt;&gt;</a>&nbsp;&nbsp;&nbsp;__aeabi_i2f
<LI><a href="#[6d]">&gt;&gt;</a>&nbsp;&nbsp;&nbsp;__aeabi_fsub
<LI><a href="#[fe]">&gt;&gt;</a>&nbsp;&nbsp;&nbsp;__aeabi_fmul
<LI><a href="#[6f]">&gt;&gt;</a>&nbsp;&nbsp;&nbsp;__aeabi_fdiv
<LI><a href="#[ad]">&gt;&gt;</a>&nbsp;&nbsp;&nbsp;__aeabi_f2d
<LI><a href="#[b0]">&gt;&gt;</a>&nbsp;&nbsp;&nbsp;__aeabi_cfrcmple
<LI><a href="#[af]">&gt;&gt;</a>&nbsp;&nbsp;&nbsp;__aeabi_cfcmple
<LI><a href="#[ae]">&gt;&gt;</a>&nbsp;&nbsp;&nbsp;__aeabi_cdrcmple
<LI><a href="#[80]">&gt;&gt;</a>&nbsp;&nbsp;&nbsp;mpu6050_dmp_iic_read
</UL>
<BR>[Called By]<UL><LI><a href="#[138]">&gt;&gt;</a>&nbsp;&nbsp;&nbsp;mpu_run_self_test
</UL>

<P><STRONG><a name="[122]"></a>inv_orientation_matrix_to_scalar</STRONG> (Thumb, 40 bytes, Stack size 16 bytes, mpu6050_dmp.o(i.inv_orientation_matrix_to_scalar))
<BR><BR>[Stack]<UL><LI>Max Depth = 16<LI>Call Chain = inv_orientation_matrix_to_scalar
</UL>
<BR>[Calls]<UL><LI><a href="#[123]">&gt;&gt;</a>&nbsp;&nbsp;&nbsp;inv_row_2_scale
</UL>
<BR>[Called By]<UL><LI><a href="#[49]">&gt;&gt;</a>&nbsp;&nbsp;&nbsp;mpu6050_dmp_init
</UL>

<P><STRONG><a name="[123]"></a>inv_row_2_scale</STRONG> (Thumb, 78 bytes, Stack size 0 bytes, mpu6050_dmp.o(i.inv_row_2_scale))
<BR><BR>[Called By]<UL><LI><a href="#[122]">&gt;&gt;</a>&nbsp;&nbsp;&nbsp;inv_orientation_matrix_to_scalar
</UL>

<P><STRONG><a name="[4a]"></a>mpu6050_dmp_get_pry</STRONG> (Thumb, 574 bytes, Stack size 112 bytes, mpu6050_dmp.o(i.mpu6050_dmp_get_pry))
<BR><BR>[Stack]<UL><LI>Max Depth = 296<LI>Call Chain = mpu6050_dmp_get_pry &rArr; atan2 &rArr; atan &rArr; __kernel_poly &rArr; __aeabi_dmul &rArr; _double_epilogue &rArr; _double_round
</UL>
<BR>[Calls]<UL><LI><a href="#[72]">&gt;&gt;</a>&nbsp;&nbsp;&nbsp;__aeabi_i2f
<LI><a href="#[6d]">&gt;&gt;</a>&nbsp;&nbsp;&nbsp;__aeabi_fsub
<LI><a href="#[fe]">&gt;&gt;</a>&nbsp;&nbsp;&nbsp;__aeabi_fmul
<LI><a href="#[6f]">&gt;&gt;</a>&nbsp;&nbsp;&nbsp;__aeabi_fdiv
<LI><a href="#[6a]">&gt;&gt;</a>&nbsp;&nbsp;&nbsp;__aeabi_fadd
<LI><a href="#[ad]">&gt;&gt;</a>&nbsp;&nbsp;&nbsp;__aeabi_f2d
<LI><a href="#[70]">&gt;&gt;</a>&nbsp;&nbsp;&nbsp;__aeabi_dmul
<LI><a href="#[74]">&gt;&gt;</a>&nbsp;&nbsp;&nbsp;__aeabi_d2f
<LI><a href="#[f5]">&gt;&gt;</a>&nbsp;&nbsp;&nbsp;dmp_read_fifo
<LI><a href="#[c2]">&gt;&gt;</a>&nbsp;&nbsp;&nbsp;atan2
<LI><a href="#[bd]">&gt;&gt;</a>&nbsp;&nbsp;&nbsp;asin
</UL>
<BR>[Address Reference Count : 1]<UL><LI> mpu6050_dmp.o(i.mpu6050_dmp_register)
</UL>
<P><STRONG><a name="[4b]"></a>mpu6050_dmp_power_off</STRONG> (Thumb, 74 bytes, Stack size 8 bytes, mpu6050_dmp.o(i.mpu6050_dmp_power_off))
<BR><BR>[Stack]<UL><LI>Max Depth = 36<LI>Call Chain = mpu6050_dmp_power_off &rArr; iic_write_byte &rArr; i2c_flag_get
</UL>
<BR>[Calls]<UL><LI><a href="#[c8]">&gt;&gt;</a>&nbsp;&nbsp;&nbsp;gpio_init
<LI><a href="#[11a]">&gt;&gt;</a>&nbsp;&nbsp;&nbsp;iic_write_byte
</UL>
<BR>[Address Reference Count : 1]<UL><LI> mpu6050_dmp.o(i.mpu6050_dmp_register)
</UL>
<P><STRONG><a name="[131]"></a>run_self_test</STRONG> (Thumb, 156 bytes, Stack size 48 bytes, mpu6050_dmp.o(i.run_self_test))
<BR><BR>[Stack]<UL><LI>Max Depth = 288<LI>Call Chain = run_self_test &rArr; mpu_run_self_test &rArr; get_st_biases &rArr; __aeabi_ldivmod &rArr; __aeabi_uldivmod
</UL>
<BR>[Calls]<UL><LI><a href="#[72]">&gt;&gt;</a>&nbsp;&nbsp;&nbsp;__aeabi_i2f
<LI><a href="#[fe]">&gt;&gt;</a>&nbsp;&nbsp;&nbsp;__aeabi_fmul
<LI><a href="#[14d]">&gt;&gt;</a>&nbsp;&nbsp;&nbsp;__aeabi_f2iz
<LI><a href="#[138]">&gt;&gt;</a>&nbsp;&nbsp;&nbsp;mpu_run_self_test
<LI><a href="#[14c]">&gt;&gt;</a>&nbsp;&nbsp;&nbsp;mpu_get_gyro_sens
<LI><a href="#[f9]">&gt;&gt;</a>&nbsp;&nbsp;&nbsp;mpu_get_accel_sens
<LI><a href="#[fb]">&gt;&gt;</a>&nbsp;&nbsp;&nbsp;dmp_set_gyro_bias
<LI><a href="#[f8]">&gt;&gt;</a>&nbsp;&nbsp;&nbsp;dmp_set_accel_bias
</UL>
<BR>[Called By]<UL><LI><a href="#[49]">&gt;&gt;</a>&nbsp;&nbsp;&nbsp;mpu6050_dmp_init
</UL>

<P><STRONG><a name="[133]"></a>set_int_enable</STRONG> (Thumb, 138 bytes, Stack size 16 bytes, mpu6050_dmp.o(i.set_int_enable))
<BR><BR>[Stack]<UL><LI>Max Depth = 52<LI>Call Chain = set_int_enable &rArr; mpu6050_dmp_iic_write &rArr; i2c_flag_get
</UL>
<BR>[Calls]<UL><LI><a href="#[81]">&gt;&gt;</a>&nbsp;&nbsp;&nbsp;mpu6050_dmp_iic_write
</UL>
<BR>[Called By]<UL><LI><a href="#[132]">&gt;&gt;</a>&nbsp;&nbsp;&nbsp;mpu_set_dmp_state
<LI><a href="#[87]">&gt;&gt;</a>&nbsp;&nbsp;&nbsp;mpu_configure_fifo
</UL>

<P><STRONG><a name="[3e]"></a>button_callback</STRONG> (Thumb, 6 bytes, Stack size 0 bytes, button.o(i.button_callback))
<BR>[Address Reference Count : 1]<UL><LI> button.o(i.button_register)
</UL>
<P><STRONG><a name="[3d]"></a>button_init</STRONG> (Thumb, 14 bytes, Stack size 8 bytes, button.o(i.button_init))
<BR><BR>[Stack]<UL><LI>Max Depth = 36<LI>Call Chain = button_init &rArr; gpio_config &rArr; gpio_init
</UL>
<BR>[Calls]<UL><LI><a href="#[d1]">&gt;&gt;</a>&nbsp;&nbsp;&nbsp;rcu_config
<LI><a href="#[d2]">&gt;&gt;</a>&nbsp;&nbsp;&nbsp;gpio_config
</UL>
<BR>[Address Reference Count : 1]<UL><LI> button.o(i.button_register)
</UL>
<P><STRONG><a name="[3f]"></a>button_power_off</STRONG> (Thumb, 12 bytes, Stack size 8 bytes, button.o(i.button_power_off))
<BR><BR>[Stack]<UL><LI>Max Depth = 36<LI>Call Chain = button_power_off &rArr; exti_config &rArr; nvic_irq_enable
</UL>
<BR>[Calls]<UL><LI><a href="#[d3]">&gt;&gt;</a>&nbsp;&nbsp;&nbsp;exti_config
</UL>
<BR>[Address Reference Count : 1]<UL><LI> button.o(i.button_register)
</UL>
<P><STRONG><a name="[40]"></a>button_power_on</STRONG> (Thumb, 6 bytes, Stack size 0 bytes, button.o(i.button_power_on))
<BR>[Address Reference Count : 1]<UL><LI> button.o(i.button_register)
</UL>
<P><STRONG><a name="[d3]"></a>exti_config</STRONG> (Thumb, 70 bytes, Stack size 8 bytes, button.o(i.exti_config))
<BR><BR>[Stack]<UL><LI>Max Depth = 28<LI>Call Chain = exti_config &rArr; nvic_irq_enable
</UL>
<BR>[Calls]<UL><LI><a href="#[100]">&gt;&gt;</a>&nbsp;&nbsp;&nbsp;gpio_exti_source_select
<LI><a href="#[8b]">&gt;&gt;</a>&nbsp;&nbsp;&nbsp;exti_interrupt_flag_clear
<LI><a href="#[101]">&gt;&gt;</a>&nbsp;&nbsp;&nbsp;exti_init
<LI><a href="#[c6]">&gt;&gt;</a>&nbsp;&nbsp;&nbsp;nvic_irq_enable
</UL>
<BR>[Called By]<UL><LI><a href="#[3f]">&gt;&gt;</a>&nbsp;&nbsp;&nbsp;button_power_off
</UL>

<P><STRONG><a name="[d2]"></a>gpio_config</STRONG> (Thumb, 18 bytes, Stack size 8 bytes, button.o(i.gpio_config))
<BR><BR>[Stack]<UL><LI>Max Depth = 28<LI>Call Chain = gpio_config &rArr; gpio_init
</UL>
<BR>[Calls]<UL><LI><a href="#[c8]">&gt;&gt;</a>&nbsp;&nbsp;&nbsp;gpio_init
</UL>
<BR>[Called By]<UL><LI><a href="#[3d]">&gt;&gt;</a>&nbsp;&nbsp;&nbsp;button_init
</UL>

<P><STRONG><a name="[d1]"></a>rcu_config</STRONG> (Thumb, 12 bytes, Stack size 8 bytes, button.o(i.rcu_config))
<BR><BR>[Stack]<UL><LI>Max Depth = 8<LI>Call Chain = rcu_config
</UL>
<BR>[Calls]<UL><LI><a href="#[c7]">&gt;&gt;</a>&nbsp;&nbsp;&nbsp;rcu_periph_clock_enable
</UL>
<BR>[Called By]<UL><LI><a href="#[3d]">&gt;&gt;</a>&nbsp;&nbsp;&nbsp;button_init
</UL>

<P><STRONG><a name="[13f]"></a>nvic_configuration</STRONG> (Thumb, 34 bytes, Stack size 8 bytes, rtc.o(i.nvic_configuration))
<BR><BR>[Stack]<UL><LI>Max Depth = 28<LI>Call Chain = nvic_configuration &rArr; nvic_irq_enable
</UL>
<BR>[Calls]<UL><LI><a href="#[13e]">&gt;&gt;</a>&nbsp;&nbsp;&nbsp;nvic_priority_group_set
<LI><a href="#[101]">&gt;&gt;</a>&nbsp;&nbsp;&nbsp;exti_init
<LI><a href="#[c6]">&gt;&gt;</a>&nbsp;&nbsp;&nbsp;nvic_irq_enable
</UL>
<BR>[Called By]<UL><LI><a href="#[51]">&gt;&gt;</a>&nbsp;&nbsp;&nbsp;rtc_init
</UL>

<P><STRONG><a name="[146]"></a>rtc_configuration</STRONG> (Thumb, 108 bytes, Stack size 8 bytes, rtc.o(i.rtc_configuration))
<BR><BR>[Stack]<UL><LI>Max Depth = 28<LI>Call Chain = rtc_configuration &rArr; rcu_osci_stab_wait
</UL>
<BR>[Calls]<UL><LI><a href="#[c7]">&gt;&gt;</a>&nbsp;&nbsp;&nbsp;rcu_periph_clock_enable
<LI><a href="#[149]">&gt;&gt;</a>&nbsp;&nbsp;&nbsp;rtc_register_sync_wait
<LI><a href="#[94]">&gt;&gt;</a>&nbsp;&nbsp;&nbsp;rtc_lwoff_wait
<LI><a href="#[14a]">&gt;&gt;</a>&nbsp;&nbsp;&nbsp;rtc_interrupt_enable
<LI><a href="#[14b]">&gt;&gt;</a>&nbsp;&nbsp;&nbsp;rtc_counter_set
<LI><a href="#[92]">&gt;&gt;</a>&nbsp;&nbsp;&nbsp;rtc_counter_get
<LI><a href="#[93]">&gt;&gt;</a>&nbsp;&nbsp;&nbsp;rtc_alarm_config
<LI><a href="#[148]">&gt;&gt;</a>&nbsp;&nbsp;&nbsp;rcu_rtc_clock_config
<LI><a href="#[125]">&gt;&gt;</a>&nbsp;&nbsp;&nbsp;rcu_osci_stab_wait
<LI><a href="#[124]">&gt;&gt;</a>&nbsp;&nbsp;&nbsp;rcu_osci_on
<LI><a href="#[147]">&gt;&gt;</a>&nbsp;&nbsp;&nbsp;pmu_backup_write_enable
<LI><a href="#[c3]">&gt;&gt;</a>&nbsp;&nbsp;&nbsp;bkp_deinit
</UL>
<BR>[Called By]<UL><LI><a href="#[51]">&gt;&gt;</a>&nbsp;&nbsp;&nbsp;rtc_init
</UL>

<P><STRONG><a name="[51]"></a>rtc_init</STRONG> (Thumb, 18 bytes, Stack size 8 bytes, rtc.o(i.rtc_init))
<BR><BR>[Stack]<UL><LI>Max Depth = 36<LI>Call Chain = rtc_init &rArr; rtc_configuration &rArr; rcu_osci_stab_wait
</UL>
<BR>[Calls]<UL><LI><a href="#[129]">&gt;&gt;</a>&nbsp;&nbsp;&nbsp;rcu_all_reset_flag_clear
<LI><a href="#[146]">&gt;&gt;</a>&nbsp;&nbsp;&nbsp;rtc_configuration
<LI><a href="#[13f]">&gt;&gt;</a>&nbsp;&nbsp;&nbsp;nvic_configuration
</UL>
<BR>[Address Reference Count : 1]<UL><LI> rtc.o(i.rtc_register)
</UL>
<P><STRONG><a name="[42]"></a>flash_init</STRONG> (Thumb, 2 bytes, Stack size 0 bytes, flash.o(i.flash_init))
<BR>[Address Reference Count : 1]<UL><LI> flash.o(i.flash_rrgister)
</UL>
<P><STRONG><a name="[44]"></a>flash_read</STRONG> (Thumb, 40 bytes, Stack size 24 bytes, flash.o(i.flash_read))
<BR><BR>[Stack]<UL><LI>Max Depth = 24<LI>Call Chain = flash_read
</UL>
<BR>[Calls]<UL><LI><a href="#[102]">&gt;&gt;</a>&nbsp;&nbsp;&nbsp;flash_read32
</UL>
<BR>[Address Reference Count : 1]<UL><LI> flash.o(i.flash_rrgister)
</UL>
<P><STRONG><a name="[102]"></a>flash_read32</STRONG> (Thumb, 12 bytes, Stack size 0 bytes, flash.o(i.flash_read32))
<BR><BR>[Called By]<UL><LI><a href="#[43]">&gt;&gt;</a>&nbsp;&nbsp;&nbsp;flash_write
<LI><a href="#[44]">&gt;&gt;</a>&nbsp;&nbsp;&nbsp;flash_read
</UL>

<P><STRONG><a name="[43]"></a>flash_write</STRONG> (Thumb, 122 bytes, Stack size 32 bytes, flash.o(i.flash_write))
<BR><BR>[Stack]<UL><LI>Max Depth = 52<LI>Call Chain = flash_write &rArr; fmc_word_program &rArr; fmc_bank1_ready_wait
</UL>
<BR>[Calls]<UL><LI><a href="#[105]">&gt;&gt;</a>&nbsp;&nbsp;&nbsp;fmc_word_program
<LI><a href="#[103]">&gt;&gt;</a>&nbsp;&nbsp;&nbsp;fmc_unlock
<LI><a href="#[104]">&gt;&gt;</a>&nbsp;&nbsp;&nbsp;fmc_page_erase
<LI><a href="#[106]">&gt;&gt;</a>&nbsp;&nbsp;&nbsp;fmc_lock
<LI><a href="#[102]">&gt;&gt;</a>&nbsp;&nbsp;&nbsp;flash_read32
</UL>
<BR>[Address Reference Count : 1]<UL><LI> flash.o(i.flash_rrgister)
</UL>
<P><STRONG><a name="[160]"></a>NVIC_SetPriority</STRONG> (Thumb, 32 bytes, Stack size 8 bytes, sys.o(i.NVIC_SetPriority))
<BR><BR>[Stack]<UL><LI>Max Depth = 8<LI>Call Chain = NVIC_SetPriority
</UL>
<BR>[Called By]<UL><LI><a href="#[12c]">&gt;&gt;</a>&nbsp;&nbsp;&nbsp;systick_config
</UL>

<P><STRONG><a name="[10f]"></a>gpio_config</STRONG> (Thumb, 28 bytes, Stack size 8 bytes, iic.o(i.gpio_config))
<BR><BR>[Stack]<UL><LI>Max Depth = 28<LI>Call Chain = gpio_config &rArr; gpio_init
</UL>
<BR>[Calls]<UL><LI><a href="#[c8]">&gt;&gt;</a>&nbsp;&nbsp;&nbsp;gpio_init
</UL>
<BR>[Called By]<UL><LI><a href="#[118]">&gt;&gt;</a>&nbsp;&nbsp;&nbsp;iic_init
</UL>

<P><STRONG><a name="[114]"></a>i2c_config</STRONG> (Thumb, 40 bytes, Stack size 8 bytes, iic.o(i.i2c_config))
<BR><BR>[Stack]<UL><LI>Max Depth = 128<LI>Call Chain = i2c_config &rArr; i2c_clock_config &rArr; rcu_clock_freq_get
</UL>
<BR>[Calls]<UL><LI><a href="#[117]">&gt;&gt;</a>&nbsp;&nbsp;&nbsp;i2c_ack_config
<LI><a href="#[115]">&gt;&gt;</a>&nbsp;&nbsp;&nbsp;i2c_mode_addr_config
<LI><a href="#[116]">&gt;&gt;</a>&nbsp;&nbsp;&nbsp;i2c_enable
<LI><a href="#[112]">&gt;&gt;</a>&nbsp;&nbsp;&nbsp;i2c_clock_config
</UL>
<BR>[Called By]<UL><LI><a href="#[118]">&gt;&gt;</a>&nbsp;&nbsp;&nbsp;iic_init
</UL>

<P><STRONG><a name="[119]"></a>rcu_config</STRONG> (Thumb, 20 bytes, Stack size 8 bytes, iic.o(i.rcu_config))
<BR><BR>[Stack]<UL><LI>Max Depth = 8<LI>Call Chain = rcu_config
</UL>
<BR>[Calls]<UL><LI><a href="#[c7]">&gt;&gt;</a>&nbsp;&nbsp;&nbsp;rcu_periph_clock_enable
</UL>
<BR>[Called By]<UL><LI><a href="#[118]">&gt;&gt;</a>&nbsp;&nbsp;&nbsp;iic_init
</UL>

<P><STRONG><a name="[df]"></a>dma_periph_and_channel_check</STRONG> (Thumb, 18 bytes, Stack size 0 bytes, gd32f10x_dma.o(i.dma_periph_and_channel_check))
<BR><BR>[Called By]<UL><LI><a href="#[e4]">&gt;&gt;</a>&nbsp;&nbsp;&nbsp;dma_init
<LI><a href="#[e2]">&gt;&gt;</a>&nbsp;&nbsp;&nbsp;dma_deinit
<LI><a href="#[e0]">&gt;&gt;</a>&nbsp;&nbsp;&nbsp;dma_circulation_enable
<LI><a href="#[de]">&gt;&gt;</a>&nbsp;&nbsp;&nbsp;dma_channel_enable
</UL>

<P><STRONG><a name="[15f]"></a>system_clock_72m_irc8m</STRONG> (Thumb, 160 bytes, Stack size 0 bytes, system_gd32f10x.o(i.system_clock_72m_irc8m))
<BR><BR>[Called By]<UL><LI><a href="#[9a]">&gt;&gt;</a>&nbsp;&nbsp;&nbsp;system_clock_config
</UL>

<P><STRONG><a name="[9a]"></a>system_clock_config</STRONG> (Thumb, 8 bytes, Stack size 8 bytes, system_gd32f10x.o(i.system_clock_config))
<BR><BR>[Stack]<UL><LI>Max Depth = 8<LI>Call Chain = system_clock_config
</UL>
<BR>[Calls]<UL><LI><a href="#[15f]">&gt;&gt;</a>&nbsp;&nbsp;&nbsp;system_clock_72m_irc8m
</UL>
<BR>[Called By]<UL><LI><a href="#[37]">&gt;&gt;</a>&nbsp;&nbsp;&nbsp;SystemInit
</UL>

<P><STRONG><a name="[a2]"></a>_printf_core</STRONG> (Thumb, 336 bytes, Stack size 88 bytes, printf1.o(i._printf_core), UNUSED)
<BR><BR>[Calls]<UL><LI><a href="#[a9]">&gt;&gt;</a>&nbsp;&nbsp;&nbsp;__aeabi_uidivmod
</UL>
<BR>[Called By]<UL><LI><a href="#[a1]">&gt;&gt;</a>&nbsp;&nbsp;&nbsp;__0printf$1
</UL>
<P>
<H3>
Undefined Global Symbols
</H3><HR></body></html>
